Archive member included to satisfy reference by file (symbol)

/tmp/moyart/Documents/PJE/smews/targets/mbed_ethernet/rflpc/rflpc17xx/librflpc17xx.a(init.o)
                              (_start)
/tmp/moyart/Documents/PJE/smews/targets/mbed_ethernet/rflpc/rflpc17xx/librflpc17xx.a(clock.o)
                              /tmp/moyart/Documents/PJE/smews/targets/mbed_ethernet/rflpc/rflpc17xx/librflpc17xx.a(init.o) (rflpc_clock_init)
/tmp/moyart/Documents/PJE/smews/targets/mbed_ethernet/rflpc/rflpc17xx/librflpc17xx.a(interrupt.o)
                              /tmp/moyart/Documents/PJE/smews/targets/mbed_ethernet/rflpc/rflpc17xx/librflpc17xx.a(init.o) (_default_exception_handler)
/tmp/moyart/Documents/PJE/smews/targets/mbed_ethernet/rflpc/rflpc17xx/librflpc17xx.a(iap.o)
                              bin/mbed_ethernet/drivers/hardware.o (rflpc_iap_get_serial_number)
/tmp/moyart/Documents/PJE/smews/targets/mbed_ethernet/rflpc/rflpc17xx/librflpc17xx.a(uart.o)
                              bin/mbed_ethernet/drivers/hardware.o (rflpc_uart_getchar)
/tmp/moyart/Documents/PJE/smews/targets/mbed_ethernet/rflpc/rflpc17xx/librflpc17xx.a(ethernet.o)
                              bin/mbed_ethernet/drivers/hardware.o (rflpc_eth_init)
/tmp/moyart/Documents/PJE/smews/targets/mbed_ethernet/rflpc/rflpc17xx/librflpc17xx.a(spi.o)
                              bin/mbed_ethernet/gen/apps/pendu/nhd_spi_lcd.o (rflpc_spi_init)
/tmp/moyart/Documents/PJE/smews/targets/mbed_ethernet/rflpc/rflpc17xx/librflpc17xx.a(gpio.o)
                              bin/mbed_ethernet/gen/apps/pendu/nhd_spi_lcd.o (rflpc_gpio_set_pin)
/tmp/moyart/Documents/PJE/smews/targets/mbed_ethernet/rflpc/rflpc17xx/librflpc17xx.a(dma.o)
                              bin/mbed_ethernet/drivers/hardware.o (rflpc_dma_init)
/tmp/moyart/Documents/PJE/smews/targets/mbed_ethernet/rflpc/rflpc17xx/librflpc17xx.a(timer.o)
                              bin/mbed_ethernet/drivers/hardware.o (rflpc_timer_enable)
/tmp/moyart/Documents/PJE/smews/targets/mbed_ethernet/rflpc/rflpc17xx/librflpc17xx.a(core_cm3.o)
                              bin/mbed_ethernet/core/coroutines.o (__get_MSP)
/tmp/moyart/Documents/PJE/smews/targets/mbed_ethernet/rflpc/rflpc17xx/librflpc17xx.a(printf.o)
                              bin/mbed_ethernet/drivers/eth_input.o (printf)
/tmp/moyart/Documents/PJE/smews/targets/mbed_ethernet/rflpc/rflpc17xx/librflpc17xx.a(memcpy.o)
                              bin/mbed_ethernet/drivers/eth_output.o (memcpy)
/tmp/moyart/Documents/PJE/smews/targets/mbed_ethernet/rflpc/rflpc17xx/librflpc17xx.a(rand.o)
                              bin/mbed_ethernet/drivers/hardware.o (srand)
/tmp/moyart/Documents/PJE/smews/targets/mbed_ethernet/rflpc/rflpc17xx/librflpc17xx.a(memset.o)
                              bin/mbed_ethernet/drivers/eth_output.o (memset)
/tmp/moyart/Documents/PJE/smews/targets/mbed_ethernet/rflpc/rflpc17xx/librflpc17xx.a(pinconf.o)
                              /tmp/moyart/Documents/PJE/smews/targets/mbed_ethernet/rflpc/rflpc17xx/librflpc17xx.a(uart.o) (rflpc_pin_set)

Allocating common symbols
Common symbol       size              file

curr_input          0x8               bin/mbed_ethernet/core/input.o
local_eth_addr      0x6               bin/mbed_ethernet/drivers/hardware.o
last_transmission_time
                    0x1               bin/mbed_ethernet/core/timers.o
coroutine_type      0x1               bin/mbed_ethernet/drivers/eth_input.o
rst_connection      0xe               bin/mbed_ethernet/core/connections.o
all_connections     0x4               bin/mbed_ethernet/core/connections.o
curr_output         0x14              bin/mbed_ethernet/core/output.o
buffer              0x200             bin/mbed_ethernet/gen/apps/pendu/main.o
current_checksum    0x2               bin/mbed_ethernet/core/checksum.o
iap_sector_buffer   0x1000            /tmp/moyart/Documents/PJE/smews/targets/mbed_ethernet/rflpc/rflpc17xx/librflpc17xx.a(iap.o)
main_sp             0x4               bin/mbed_ethernet/core/coroutines.o
ethernet_header     0xe               bin/mbed_ethernet/drivers/eth_output.o
current_buffer      0x8               bin/mbed_ethernet/drivers/eth_output.o

Discarded input sections

 .text          0x0000000000000000        0x0 bin/mbed_ethernet/drivers/ethernet.o
 .data          0x0000000000000000        0x0 bin/mbed_ethernet/drivers/ethernet.o
 .bss           0x0000000000000000        0x0 bin/mbed_ethernet/drivers/ethernet.o
 .text          0x0000000000000000        0x0 bin/mbed_ethernet/drivers/lcd.o
 .data          0x0000000000000000        0x0 bin/mbed_ethernet/drivers/lcd.o
 .bss           0x0000000000000000        0x0 bin/mbed_ethernet/drivers/lcd.o
 .comment       0x0000000000000000       0x2e bin/mbed_ethernet/drivers/lcd.o
 .ARM.attributes
                0x0000000000000000       0x33 bin/mbed_ethernet/drivers/lcd.o
 .text          0x0000000000000000        0x0 bin/mbed_ethernet/drivers/mbed_debug.o
 .data          0x0000000000000000        0x0 bin/mbed_ethernet/drivers/mbed_debug.o
 .bss           0x0000000000000000        0x0 bin/mbed_ethernet/drivers/mbed_debug.o
 .comment       0x0000000000000000       0x2e bin/mbed_ethernet/drivers/mbed_debug.o
 .ARM.attributes
                0x0000000000000000       0x33 bin/mbed_ethernet/drivers/mbed_debug.o
 .text          0x0000000000000000        0x0 bin/mbed_ethernet/drivers/eth_input.o
 .data          0x0000000000000000        0x0 bin/mbed_ethernet/drivers/eth_input.o
 .bss           0x0000000000000000        0x0 bin/mbed_ethernet/drivers/eth_input.o
 COMMON         0x0000000000000000        0x1 bin/mbed_ethernet/drivers/eth_input.o
 .text          0x0000000000000000        0x0 bin/mbed_ethernet/drivers/debug_console.o
 .data          0x0000000000000000        0x0 bin/mbed_ethernet/drivers/debug_console.o
 .bss           0x0000000000000000        0x0 bin/mbed_ethernet/drivers/debug_console.o
 .comment       0x0000000000000000       0x2e bin/mbed_ethernet/drivers/debug_console.o
 .ARM.attributes
                0x0000000000000000       0x33 bin/mbed_ethernet/drivers/debug_console.o
 .text          0x0000000000000000        0x0 bin/mbed_ethernet/drivers/eth_output.o
 .data          0x0000000000000000        0x0 bin/mbed_ethernet/drivers/eth_output.o
 .bss           0x0000000000000000        0x0 bin/mbed_ethernet/drivers/eth_output.o
 .text          0x0000000000000000        0x0 bin/mbed_ethernet/drivers/out_buffers.o
 .data          0x0000000000000000        0x0 bin/mbed_ethernet/drivers/out_buffers.o
 .bss           0x0000000000000000        0x0 bin/mbed_ethernet/drivers/out_buffers.o
 .text.mbed_eth_dump_tx_buffer_status
                0x0000000000000000       0x58 bin/mbed_ethernet/drivers/out_buffers.o
 .rodata.str1.4
                0x0000000000000000       0x24 bin/mbed_ethernet/drivers/out_buffers.o
 .text          0x0000000000000000        0x0 bin/mbed_ethernet/drivers/hardware.o
 .data          0x0000000000000000        0x0 bin/mbed_ethernet/drivers/hardware.o
 .bss           0x0000000000000000        0x0 bin/mbed_ethernet/drivers/hardware.o
 .text          0x0000000000000000        0x0 bin/mbed_ethernet/drivers/ip.o
 .data          0x0000000000000000        0x0 bin/mbed_ethernet/drivers/ip.o
 .bss           0x0000000000000000        0x0 bin/mbed_ethernet/drivers/ip.o
 .text.proto_ip_get_dst
                0x0000000000000000       0x20 bin/mbed_ethernet/drivers/ip.o
 .text          0x0000000000000000        0x0 bin/mbed_ethernet/drivers/arp.o
 .data          0x0000000000000000        0x0 bin/mbed_ethernet/drivers/arp.o
 .bss           0x0000000000000000        0x0 bin/mbed_ethernet/drivers/arp.o
 .text          0x0000000000000000        0x0 bin/mbed_ethernet/core/output.o
 .data          0x0000000000000000        0x0 bin/mbed_ethernet/core/output.o
 .bss           0x0000000000000000        0x0 bin/mbed_ethernet/core/output.o
 .text.out_c    0x0000000000000000       0x40 bin/mbed_ethernet/core/output.o
 .text          0x0000000000000000        0x0 bin/mbed_ethernet/core/main.o
 .data          0x0000000000000000        0x0 bin/mbed_ethernet/core/main.o
 .bss           0x0000000000000000        0x0 bin/mbed_ethernet/core/main.o
 .text          0x0000000000000000        0x0 bin/mbed_ethernet/core/coroutines.o
 .data          0x0000000000000000        0x0 bin/mbed_ethernet/core/coroutines.o
 .bss           0x0000000000000000        0x0 bin/mbed_ethernet/core/coroutines.o
 .text          0x0000000000000000        0x0 bin/mbed_ethernet/core/input.o
 .data          0x0000000000000000        0x0 bin/mbed_ethernet/core/input.o
 .bss           0x0000000000000000        0x0 bin/mbed_ethernet/core/input.o
 .text.in       0x0000000000000000      0x164 bin/mbed_ethernet/core/input.o
 .text          0x0000000000000000        0x0 bin/mbed_ethernet/core/generators.o
 .data          0x0000000000000000        0x0 bin/mbed_ethernet/core/generators.o
 .bss           0x0000000000000000        0x0 bin/mbed_ethernet/core/generators.o
 .text.server_push
                0x0000000000000000       0x4c bin/mbed_ethernet/core/generators.o
 .text.out_uint
                0x0000000000000000       0x50 bin/mbed_ethernet/core/generators.o
 .text.out_str  0x0000000000000000       0x24 bin/mbed_ethernet/core/generators.o
 .comment       0x0000000000000000       0x2e bin/mbed_ethernet/core/generators.o
 .ARM.attributes
                0x0000000000000000       0x33 bin/mbed_ethernet/core/generators.o
 .text          0x0000000000000000        0x0 bin/mbed_ethernet/core/handlers.o
 .data          0x0000000000000000        0x0 bin/mbed_ethernet/core/handlers.o
 .bss           0x0000000000000000        0x0 bin/mbed_ethernet/core/handlers.o
 .text          0x0000000000000000        0x0 bin/mbed_ethernet/core/connections.o
 .data          0x0000000000000000        0x0 bin/mbed_ethernet/core/connections.o
 .bss           0x0000000000000000        0x0 bin/mbed_ethernet/core/connections.o
 .text.get_local_ip
                0x0000000000000000       0x18 bin/mbed_ethernet/core/connections.o
 .text.get_remote_ip
                0x0000000000000000       0x14 bin/mbed_ethernet/core/connections.o
 .text.get_payload_size
                0x0000000000000000       0x1c bin/mbed_ethernet/core/connections.o
 .text.get_protocol
                0x0000000000000000       0x1c bin/mbed_ethernet/core/connections.o
 .text.get_send_code
                0x0000000000000000       0x1c bin/mbed_ethernet/core/connections.o
 .text.request_packet_out_call
                0x0000000000000000       0x3c bin/mbed_ethernet/core/connections.o
 .text          0x0000000000000000        0x0 bin/mbed_ethernet/core/service.o
 .data          0x0000000000000000        0x0 bin/mbed_ethernet/core/service.o
 .bss           0x0000000000000000        0x0 bin/mbed_ethernet/core/service.o
 .text          0x0000000000000000        0x0 bin/mbed_ethernet/core/timers.o
 .data          0x0000000000000000        0x0 bin/mbed_ethernet/core/timers.o
 .bss           0x0000000000000000        0x0 bin/mbed_ethernet/core/timers.o
 .text          0x0000000000000000        0x0 bin/mbed_ethernet/core/memory.o
 .data          0x0000000000000000        0x0 bin/mbed_ethernet/core/memory.o
 .bss           0x0000000000000000        0x0 bin/mbed_ethernet/core/memory.o
 .text.get_free_mem
                0x0000000000000000       0x24 bin/mbed_ethernet/core/memory.o
 .text.get_max_free_mem
                0x0000000000000000       0x28 bin/mbed_ethernet/core/memory.o
 .text          0x0000000000000000        0x0 bin/mbed_ethernet/core/checksum.o
 .data          0x0000000000000000        0x0 bin/mbed_ethernet/core/checksum.o
 .bss           0x0000000000000000        0x0 bin/mbed_ethernet/core/checksum.o
 .text          0x0000000000000000        0x0 bin/mbed_ethernet/core/link_layer_cache.o
 .data          0x0000000000000000        0x0 bin/mbed_ethernet/core/link_layer_cache.o
 .bss           0x0000000000000000        0x0 bin/mbed_ethernet/core/link_layer_cache.o
 .text          0x0000000000000000        0x0 bin/mbed_ethernet/core/smews.o
 .data          0x0000000000000000        0x0 bin/mbed_ethernet/core/smews.o
 .bss           0x0000000000000000        0x0 bin/mbed_ethernet/core/smews.o
 .text          0x0000000000000000        0x0 bin/mbed_ethernet/gen/apps/pendu/g_c5_index_html.o
 .data          0x0000000000000000        0x0 bin/mbed_ethernet/gen/apps/pendu/g_c5_index_html.o
 .bss           0x0000000000000000        0x0 bin/mbed_ethernet/gen/apps/pendu/g_c5_index_html.o
 .text          0x0000000000000000        0x0 bin/mbed_ethernet/gen/apps/pendu/g_c5_robots_txt.o
 .data          0x0000000000000000        0x0 bin/mbed_ethernet/gen/apps/pendu/g_c5_robots_txt.o
 .bss           0x0000000000000000        0x0 bin/mbed_ethernet/gen/apps/pendu/g_c5_robots_txt.o
 .text          0x0000000000000000        0x0 bin/mbed_ethernet/gen/apps/pendu/main.o
 .data          0x0000000000000000        0x0 bin/mbed_ethernet/gen/apps/pendu/main.o
 .bss           0x0000000000000000        0x0 bin/mbed_ethernet/gen/apps/pendu/main.o
 COMMON         0x0000000000000000      0x200 bin/mbed_ethernet/gen/apps/pendu/main.o
 .text          0x0000000000000000        0x0 bin/mbed_ethernet/gen/apps/httpCodes/g_c5_505_html.o
 .data          0x0000000000000000        0x0 bin/mbed_ethernet/gen/apps/httpCodes/g_c5_505_html.o
 .bss           0x0000000000000000        0x0 bin/mbed_ethernet/gen/apps/httpCodes/g_c5_505_html.o
 .text          0x0000000000000000        0x0 bin/mbed_ethernet/gen/apps/pendu/print_str.o
 .data          0x0000000000000000        0x0 bin/mbed_ethernet/gen/apps/pendu/print_str.o
 .bss           0x0000000000000000        0x0 bin/mbed_ethernet/gen/apps/pendu/print_str.o
 .text.clr_buffer
                0x0000000000000000       0x14 bin/mbed_ethernet/gen/apps/pendu/print_str.o
 .text          0x0000000000000000        0x0 bin/mbed_ethernet/gen/apps/pendu/nhd_spi_lcd.o
 .data          0x0000000000000000        0x0 bin/mbed_ethernet/gen/apps/pendu/nhd_spi_lcd.o
 .bss           0x0000000000000000        0x0 bin/mbed_ethernet/gen/apps/pendu/nhd_spi_lcd.o
 .text.nhd_spi_lcd_clear
                0x0000000000000000       0xb8 bin/mbed_ethernet/gen/apps/pendu/nhd_spi_lcd.o
 .text          0x0000000000000000        0x0 bin/mbed_ethernet/gen/apps/pendu/assets/js/g_c5_pendu_js.o
 .data          0x0000000000000000        0x0 bin/mbed_ethernet/gen/apps/pendu/assets/js/g_c5_pendu_js.o
 .bss           0x0000000000000000        0x0 bin/mbed_ethernet/gen/apps/pendu/assets/js/g_c5_pendu_js.o
 .text          0x0000000000000000        0x0 bin/mbed_ethernet/gen/apps/pendu/assets/css/g_c5_custom_css.o
 .data          0x0000000000000000        0x0 bin/mbed_ethernet/gen/apps/pendu/assets/css/g_c5_custom_css.o
 .bss           0x0000000000000000        0x0 bin/mbed_ethernet/gen/apps/pendu/assets/css/g_c5_custom_css.o
 .text          0x0000000000000000        0x0 bin/mbed_ethernet/gen/apps/httpCodes/g_c5_404_html.o
 .data          0x0000000000000000        0x0 bin/mbed_ethernet/gen/apps/httpCodes/g_c5_404_html.o
 .bss           0x0000000000000000        0x0 bin/mbed_ethernet/gen/apps/httpCodes/g_c5_404_html.o
 .text          0x0000000000000000        0x0 bin/mbed_ethernet/gen/apps/pendu/g_c5_humans_txt.o
 .data          0x0000000000000000        0x0 bin/mbed_ethernet/gen/apps/pendu/g_c5_humans_txt.o
 .bss           0x0000000000000000        0x0 bin/mbed_ethernet/gen/apps/pendu/g_c5_humans_txt.o
 .text          0x0000000000000000        0x0 bin/mbed_ethernet/gen/apps/pendu/assets/js/g_c5_jquery_min_js.o
 .data          0x0000000000000000        0x0 bin/mbed_ethernet/gen/apps/pendu/assets/js/g_c5_jquery_min_js.o
 .bss           0x0000000000000000        0x0 bin/mbed_ethernet/gen/apps/pendu/assets/js/g_c5_jquery_min_js.o
 .text          0x0000000000000000        0x0 bin/mbed_ethernet/gen/resources_index.o
 .data          0x0000000000000000        0x0 bin/mbed_ethernet/gen/resources_index.o
 .bss           0x0000000000000000        0x0 bin/mbed_ethernet/gen/resources_index.o
 .text          0x0000000000000000        0x0 /tmp/moyart/Documents/PJE/smews/targets/mbed_ethernet/rflpc/rflpc17xx/librflpc17xx.a(init.o)
 .data          0x0000000000000000        0x0 /tmp/moyart/Documents/PJE/smews/targets/mbed_ethernet/rflpc/rflpc17xx/librflpc17xx.a(init.o)
 .bss           0x0000000000000000        0x0 /tmp/moyart/Documents/PJE/smews/targets/mbed_ethernet/rflpc/rflpc17xx/librflpc17xx.a(init.o)
 .text          0x0000000000000000        0x0 /tmp/moyart/Documents/PJE/smews/targets/mbed_ethernet/rflpc/rflpc17xx/librflpc17xx.a(clock.o)
 .data          0x0000000000000000        0x0 /tmp/moyart/Documents/PJE/smews/targets/mbed_ethernet/rflpc/rflpc17xx/librflpc17xx.a(clock.o)
 .bss           0x0000000000000000        0x0 /tmp/moyart/Documents/PJE/smews/targets/mbed_ethernet/rflpc/rflpc17xx/librflpc17xx.a(clock.o)
 .text          0x0000000000000000        0x0 /tmp/moyart/Documents/PJE/smews/targets/mbed_ethernet/rflpc/rflpc17xx/librflpc17xx.a(interrupt.o)
 .data          0x0000000000000000        0x0 /tmp/moyart/Documents/PJE/smews/targets/mbed_ethernet/rflpc/rflpc17xx/librflpc17xx.a(interrupt.o)
 .bss           0x0000000000000000        0x0 /tmp/moyart/Documents/PJE/smews/targets/mbed_ethernet/rflpc/rflpc17xx/librflpc17xx.a(interrupt.o)
 .text          0x0000000000000000        0x0 /tmp/moyart/Documents/PJE/smews/targets/mbed_ethernet/rflpc/rflpc17xx/librflpc17xx.a(iap.o)
 .data          0x0000000000000000        0x0 /tmp/moyart/Documents/PJE/smews/targets/mbed_ethernet/rflpc/rflpc17xx/librflpc17xx.a(iap.o)
 .bss           0x0000000000000000        0x0 /tmp/moyart/Documents/PJE/smews/targets/mbed_ethernet/rflpc/rflpc17xx/librflpc17xx.a(iap.o)
 .text.rflpc_iap_prepare_sectors_for_writing
                0x0000000000000000       0x28 /tmp/moyart/Documents/PJE/smews/targets/mbed_ethernet/rflpc/rflpc17xx/librflpc17xx.a(iap.o)
 .text.rflpc_iap_erase_sectors
                0x0000000000000000       0x40 /tmp/moyart/Documents/PJE/smews/targets/mbed_ethernet/rflpc/rflpc17xx/librflpc17xx.a(iap.o)
 .text.rflpc_iap_copy_ram_to_flash
                0x0000000000000000       0x40 /tmp/moyart/Documents/PJE/smews/targets/mbed_ethernet/rflpc/rflpc17xx/librflpc17xx.a(iap.o)
 .text.rflpc_iap_get_sector_from_address
                0x0000000000000000       0x14 /tmp/moyart/Documents/PJE/smews/targets/mbed_ethernet/rflpc/rflpc17xx/librflpc17xx.a(iap.o)
 .text.rflpc_iap_get_address_from_sector
                0x0000000000000000       0x10 /tmp/moyart/Documents/PJE/smews/targets/mbed_ethernet/rflpc/rflpc17xx/librflpc17xx.a(iap.o)
 .text.rflpc_iap_write_buffer_to_sector
                0x0000000000000000       0x48 /tmp/moyart/Documents/PJE/smews/targets/mbed_ethernet/rflpc/rflpc17xx/librflpc17xx.a(iap.o)
 .text.rflpc_iap_write_to_sector
                0x0000000000000000       0x64 /tmp/moyart/Documents/PJE/smews/targets/mbed_ethernet/rflpc/rflpc17xx/librflpc17xx.a(iap.o)
 .text.rflpc_iap_write_buffer
                0x0000000000000000       0x98 /tmp/moyart/Documents/PJE/smews/targets/mbed_ethernet/rflpc/rflpc17xx/librflpc17xx.a(iap.o)
 .text.rflpc_iap_transfert_4ks_to_32k
                0x0000000000000000       0xc8 /tmp/moyart/Documents/PJE/smews/targets/mbed_ethernet/rflpc/rflpc17xx/librflpc17xx.a(iap.o)
 COMMON         0x0000000000000000     0x1000 /tmp/moyart/Documents/PJE/smews/targets/mbed_ethernet/rflpc/rflpc17xx/librflpc17xx.a(iap.o)
 .text          0x0000000000000000        0x0 /tmp/moyart/Documents/PJE/smews/targets/mbed_ethernet/rflpc/rflpc17xx/librflpc17xx.a(uart.o)
 .data          0x0000000000000000        0x0 /tmp/moyart/Documents/PJE/smews/targets/mbed_ethernet/rflpc/rflpc17xx/librflpc17xx.a(uart.o)
 .bss           0x0000000000000000        0x0 /tmp/moyart/Documents/PJE/smews/targets/mbed_ethernet/rflpc/rflpc17xx/librflpc17xx.a(uart.o)
 .text.rflpc_uart_byte_available
                0x0000000000000000       0x14 /tmp/moyart/Documents/PJE/smews/targets/mbed_ethernet/rflpc/rflpc17xx/librflpc17xx.a(uart.o)
 .text          0x0000000000000000        0x0 /tmp/moyart/Documents/PJE/smews/targets/mbed_ethernet/rflpc/rflpc17xx/librflpc17xx.a(ethernet.o)
 .data          0x0000000000000000        0x0 /tmp/moyart/Documents/PJE/smews/targets/mbed_ethernet/rflpc/rflpc17xx/librflpc17xx.a(ethernet.o)
 .bss           0x0000000000000000        0x0 /tmp/moyart/Documents/PJE/smews/targets/mbed_ethernet/rflpc/rflpc17xx/librflpc17xx.a(ethernet.o)
 .text.rflpc_eth_set_link_mode
                0x0000000000000000       0x98 /tmp/moyart/Documents/PJE/smews/targets/mbed_ethernet/rflpc/rflpc17xx/librflpc17xx.a(ethernet.o)
 .text.rflpc_eth_get_link_mode
                0x0000000000000000       0x34 /tmp/moyart/Documents/PJE/smews/targets/mbed_ethernet/rflpc/rflpc17xx/librflpc17xx.a(ethernet.o)
 .text.rflpc_eth_link_auto_negociate
                0x0000000000000000       0xec /tmp/moyart/Documents/PJE/smews/targets/mbed_ethernet/rflpc/rflpc17xx/librflpc17xx.a(ethernet.o)
 .text.rflpc_eth_get_mac_address
                0x0000000000000000       0x24 /tmp/moyart/Documents/PJE/smews/targets/mbed_ethernet/rflpc/rflpc17xx/librflpc17xx.a(ethernet.o)
 .text.rflpc_eth_dump_internals
                0x0000000000000000      0x130 /tmp/moyart/Documents/PJE/smews/targets/mbed_ethernet/rflpc/rflpc17xx/librflpc17xx.a(ethernet.o)
 .rodata.str1.4
                0x0000000000000000      0x170 /tmp/moyart/Documents/PJE/smews/targets/mbed_ethernet/rflpc/rflpc17xx/librflpc17xx.a(ethernet.o)
 .text          0x0000000000000000        0x0 /tmp/moyart/Documents/PJE/smews/targets/mbed_ethernet/rflpc/rflpc17xx/librflpc17xx.a(spi.o)
 .data          0x0000000000000000        0x0 /tmp/moyart/Documents/PJE/smews/targets/mbed_ethernet/rflpc/rflpc17xx/librflpc17xx.a(spi.o)
 .bss           0x0000000000000000        0x0 /tmp/moyart/Documents/PJE/smews/targets/mbed_ethernet/rflpc/rflpc17xx/librflpc17xx.a(spi.o)
 .text.rflpc_spi_set_rx_callback
                0x0000000000000000       0x44 /tmp/moyart/Documents/PJE/smews/targets/mbed_ethernet/rflpc/rflpc17xx/librflpc17xx.a(spi.o)
 .text          0x0000000000000000        0x0 /tmp/moyart/Documents/PJE/smews/targets/mbed_ethernet/rflpc/rflpc17xx/librflpc17xx.a(gpio.o)
 .data          0x0000000000000000        0x0 /tmp/moyart/Documents/PJE/smews/targets/mbed_ethernet/rflpc/rflpc17xx/librflpc17xx.a(gpio.o)
 .bss           0x0000000000000000        0x0 /tmp/moyart/Documents/PJE/smews/targets/mbed_ethernet/rflpc/rflpc17xx/librflpc17xx.a(gpio.o)
 .text.rflpc_gpio_set_pin_mode_input
                0x0000000000000000       0x28 /tmp/moyart/Documents/PJE/smews/targets/mbed_ethernet/rflpc/rflpc17xx/librflpc17xx.a(gpio.o)
 .text.rflpc_gpio_set_pins_from_mask
                0x0000000000000000       0x1c /tmp/moyart/Documents/PJE/smews/targets/mbed_ethernet/rflpc/rflpc17xx/librflpc17xx.a(gpio.o)
 .text.rflpc_gpio_clr_pins_from_mask
                0x0000000000000000       0x1c /tmp/moyart/Documents/PJE/smews/targets/mbed_ethernet/rflpc/rflpc17xx/librflpc17xx.a(gpio.o)
 .text.rflpc_gpio_get_pin
                0x0000000000000000       0x24 /tmp/moyart/Documents/PJE/smews/targets/mbed_ethernet/rflpc/rflpc17xx/librflpc17xx.a(gpio.o)
 .text.rflpc_gpio_get_val
                0x0000000000000000       0x18 /tmp/moyart/Documents/PJE/smews/targets/mbed_ethernet/rflpc/rflpc17xx/librflpc17xx.a(gpio.o)
 .text          0x0000000000000000        0x0 /tmp/moyart/Documents/PJE/smews/targets/mbed_ethernet/rflpc/rflpc17xx/librflpc17xx.a(dma.o)
 .data          0x0000000000000000        0x0 /tmp/moyart/Documents/PJE/smews/targets/mbed_ethernet/rflpc/rflpc17xx/librflpc17xx.a(dma.o)
 .bss           0x0000000000000000        0x0 /tmp/moyart/Documents/PJE/smews/targets/mbed_ethernet/rflpc/rflpc17xx/librflpc17xx.a(dma.o)
 .text          0x0000000000000000        0x0 /tmp/moyart/Documents/PJE/smews/targets/mbed_ethernet/rflpc/rflpc17xx/librflpc17xx.a(timer.o)
 .data          0x0000000000000000        0x0 /tmp/moyart/Documents/PJE/smews/targets/mbed_ethernet/rflpc/rflpc17xx/librflpc17xx.a(timer.o)
 .bss           0x0000000000000000        0x0 /tmp/moyart/Documents/PJE/smews/targets/mbed_ethernet/rflpc/rflpc17xx/librflpc17xx.a(timer.o)
 .text.rflpc_timer_disable
                0x0000000000000000       0x40 /tmp/moyart/Documents/PJE/smews/targets/mbed_ethernet/rflpc/rflpc17xx/librflpc17xx.a(timer.o)
 .text.rflpc_timer_set_callback
                0x0000000000000000       0x28 /tmp/moyart/Documents/PJE/smews/targets/mbed_ethernet/rflpc/rflpc17xx/librflpc17xx.a(timer.o)
 .text.rflpc_timer_running
                0x0000000000000000       0x10 /tmp/moyart/Documents/PJE/smews/targets/mbed_ethernet/rflpc/rflpc17xx/librflpc17xx.a(timer.o)
 .text.rflpc_timer_stop
                0x0000000000000000       0x10 /tmp/moyart/Documents/PJE/smews/targets/mbed_ethernet/rflpc/rflpc17xx/librflpc17xx.a(timer.o)
 .text.rflpc_timer_reset
                0x0000000000000000       0x18 /tmp/moyart/Documents/PJE/smews/targets/mbed_ethernet/rflpc/rflpc17xx/librflpc17xx.a(timer.o)
 .text.rflpc_timer_get_pre_scale_counter
                0x0000000000000000        0xc /tmp/moyart/Documents/PJE/smews/targets/mbed_ethernet/rflpc/rflpc17xx/librflpc17xx.a(timer.o)
 .text.rflpc_timer_get_pre_scale_register
                0x0000000000000000        0xc /tmp/moyart/Documents/PJE/smews/targets/mbed_ethernet/rflpc/rflpc17xx/librflpc17xx.a(timer.o)
 .text.rflpc_timer_set_counter
                0x0000000000000000        0xc /tmp/moyart/Documents/PJE/smews/targets/mbed_ethernet/rflpc/rflpc17xx/librflpc17xx.a(timer.o)
 .text.rflpc_timer_set_pre_scale_counter
                0x0000000000000000        0xc /tmp/moyart/Documents/PJE/smews/targets/mbed_ethernet/rflpc/rflpc17xx/librflpc17xx.a(timer.o)
 .text.rflpc_timer_set_match_value
                0x0000000000000000       0x14 /tmp/moyart/Documents/PJE/smews/targets/mbed_ethernet/rflpc/rflpc17xx/librflpc17xx.a(timer.o)
 .text.rflpc_timer_set_irq_on_match
                0x0000000000000000       0x28 /tmp/moyart/Documents/PJE/smews/targets/mbed_ethernet/rflpc/rflpc17xx/librflpc17xx.a(timer.o)
 .text.rflpc_timer_reset_irq
                0x0000000000000000       0x18 /tmp/moyart/Documents/PJE/smews/targets/mbed_ethernet/rflpc/rflpc17xx/librflpc17xx.a(timer.o)
 .text.rflpc_timer_test_irq
                0x0000000000000000       0x14 /tmp/moyart/Documents/PJE/smews/targets/mbed_ethernet/rflpc/rflpc17xx/librflpc17xx.a(timer.o)
 .text          0x0000000000000000        0x0 /tmp/moyart/Documents/PJE/smews/targets/mbed_ethernet/rflpc/rflpc17xx/librflpc17xx.a(core_cm3.o)
 .data          0x0000000000000000        0x0 /tmp/moyart/Documents/PJE/smews/targets/mbed_ethernet/rflpc/rflpc17xx/librflpc17xx.a(core_cm3.o)
 .bss           0x0000000000000000        0x0 /tmp/moyart/Documents/PJE/smews/targets/mbed_ethernet/rflpc/rflpc17xx/librflpc17xx.a(core_cm3.o)
 .text.__get_PSP
                0x0000000000000000        0x8 /tmp/moyart/Documents/PJE/smews/targets/mbed_ethernet/rflpc/rflpc17xx/librflpc17xx.a(core_cm3.o)
 .text.__set_PSP
                0x0000000000000000        0x8 /tmp/moyart/Documents/PJE/smews/targets/mbed_ethernet/rflpc/rflpc17xx/librflpc17xx.a(core_cm3.o)
 .text.__get_BASEPRI
                0x0000000000000000        0x8 /tmp/moyart/Documents/PJE/smews/targets/mbed_ethernet/rflpc/rflpc17xx/librflpc17xx.a(core_cm3.o)
 .text.__set_BASEPRI
                0x0000000000000000        0x8 /tmp/moyart/Documents/PJE/smews/targets/mbed_ethernet/rflpc/rflpc17xx/librflpc17xx.a(core_cm3.o)
 .text.__get_PRIMASK
                0x0000000000000000        0x8 /tmp/moyart/Documents/PJE/smews/targets/mbed_ethernet/rflpc/rflpc17xx/librflpc17xx.a(core_cm3.o)
 .text.__set_PRIMASK
                0x0000000000000000        0x8 /tmp/moyart/Documents/PJE/smews/targets/mbed_ethernet/rflpc/rflpc17xx/librflpc17xx.a(core_cm3.o)
 .text.__get_FAULTMASK
                0x0000000000000000        0x8 /tmp/moyart/Documents/PJE/smews/targets/mbed_ethernet/rflpc/rflpc17xx/librflpc17xx.a(core_cm3.o)
 .text.__set_FAULTMASK
                0x0000000000000000        0x8 /tmp/moyart/Documents/PJE/smews/targets/mbed_ethernet/rflpc/rflpc17xx/librflpc17xx.a(core_cm3.o)
 .text.__get_CONTROL
                0x0000000000000000        0x8 /tmp/moyart/Documents/PJE/smews/targets/mbed_ethernet/rflpc/rflpc17xx/librflpc17xx.a(core_cm3.o)
 .text.__set_CONTROL
                0x0000000000000000        0x8 /tmp/moyart/Documents/PJE/smews/targets/mbed_ethernet/rflpc/rflpc17xx/librflpc17xx.a(core_cm3.o)
 .text.__REV    0x0000000000000000        0x4 /tmp/moyart/Documents/PJE/smews/targets/mbed_ethernet/rflpc/rflpc17xx/librflpc17xx.a(core_cm3.o)
 .text.__REV16  0x0000000000000000        0x4 /tmp/moyart/Documents/PJE/smews/targets/mbed_ethernet/rflpc/rflpc17xx/librflpc17xx.a(core_cm3.o)
 .text.__REVSH  0x0000000000000000        0x4 /tmp/moyart/Documents/PJE/smews/targets/mbed_ethernet/rflpc/rflpc17xx/librflpc17xx.a(core_cm3.o)
 .text.__RBIT   0x0000000000000000        0x8 /tmp/moyart/Documents/PJE/smews/targets/mbed_ethernet/rflpc/rflpc17xx/librflpc17xx.a(core_cm3.o)
 .text.__LDREXB
                0x0000000000000000        0x8 /tmp/moyart/Documents/PJE/smews/targets/mbed_ethernet/rflpc/rflpc17xx/librflpc17xx.a(core_cm3.o)
 .text.__LDREXH
                0x0000000000000000        0x8 /tmp/moyart/Documents/PJE/smews/targets/mbed_ethernet/rflpc/rflpc17xx/librflpc17xx.a(core_cm3.o)
 .text.__LDREXW
                0x0000000000000000        0x8 /tmp/moyart/Documents/PJE/smews/targets/mbed_ethernet/rflpc/rflpc17xx/librflpc17xx.a(core_cm3.o)
 .text.__STREXB
                0x0000000000000000        0x8 /tmp/moyart/Documents/PJE/smews/targets/mbed_ethernet/rflpc/rflpc17xx/librflpc17xx.a(core_cm3.o)
 .text.__STREXH
                0x0000000000000000        0x8 /tmp/moyart/Documents/PJE/smews/targets/mbed_ethernet/rflpc/rflpc17xx/librflpc17xx.a(core_cm3.o)
 .text.__STREXW
                0x0000000000000000        0x8 /tmp/moyart/Documents/PJE/smews/targets/mbed_ethernet/rflpc/rflpc17xx/librflpc17xx.a(core_cm3.o)
 .text          0x0000000000000000        0x0 /tmp/moyart/Documents/PJE/smews/targets/mbed_ethernet/rflpc/rflpc17xx/librflpc17xx.a(printf.o)
 .data          0x0000000000000000        0x0 /tmp/moyart/Documents/PJE/smews/targets/mbed_ethernet/rflpc/rflpc17xx/librflpc17xx.a(printf.o)
 .bss           0x0000000000000000        0x0 /tmp/moyart/Documents/PJE/smews/targets/mbed_ethernet/rflpc/rflpc17xx/librflpc17xx.a(printf.o)
 .text.rflpc_printf_set_putchar
                0x0000000000000000        0xc /tmp/moyart/Documents/PJE/smews/targets/mbed_ethernet/rflpc/rflpc17xx/librflpc17xx.a(printf.o)
 .text          0x0000000000000000        0x0 /tmp/moyart/Documents/PJE/smews/targets/mbed_ethernet/rflpc/rflpc17xx/librflpc17xx.a(memcpy.o)
 .data          0x0000000000000000        0x0 /tmp/moyart/Documents/PJE/smews/targets/mbed_ethernet/rflpc/rflpc17xx/librflpc17xx.a(memcpy.o)
 .bss           0x0000000000000000        0x0 /tmp/moyart/Documents/PJE/smews/targets/mbed_ethernet/rflpc/rflpc17xx/librflpc17xx.a(memcpy.o)
 .text          0x0000000000000000        0x0 /tmp/moyart/Documents/PJE/smews/targets/mbed_ethernet/rflpc/rflpc17xx/librflpc17xx.a(rand.o)
 .data          0x0000000000000000        0x0 /tmp/moyart/Documents/PJE/smews/targets/mbed_ethernet/rflpc/rflpc17xx/librflpc17xx.a(rand.o)
 .bss           0x0000000000000000        0x0 /tmp/moyart/Documents/PJE/smews/targets/mbed_ethernet/rflpc/rflpc17xx/librflpc17xx.a(rand.o)
 .text.rand_r   0x0000000000000000       0x34 /tmp/moyart/Documents/PJE/smews/targets/mbed_ethernet/rflpc/rflpc17xx/librflpc17xx.a(rand.o)
 .text.rand     0x0000000000000000       0x10 /tmp/moyart/Documents/PJE/smews/targets/mbed_ethernet/rflpc/rflpc17xx/librflpc17xx.a(rand.o)
 .text          0x0000000000000000        0x0 /tmp/moyart/Documents/PJE/smews/targets/mbed_ethernet/rflpc/rflpc17xx/librflpc17xx.a(memset.o)
 .data          0x0000000000000000        0x0 /tmp/moyart/Documents/PJE/smews/targets/mbed_ethernet/rflpc/rflpc17xx/librflpc17xx.a(memset.o)
 .bss           0x0000000000000000        0x0 /tmp/moyart/Documents/PJE/smews/targets/mbed_ethernet/rflpc/rflpc17xx/librflpc17xx.a(memset.o)
 .text          0x0000000000000000        0x0 /tmp/moyart/Documents/PJE/smews/targets/mbed_ethernet/rflpc/rflpc17xx/librflpc17xx.a(pinconf.o)
 .data          0x0000000000000000        0x0 /tmp/moyart/Documents/PJE/smews/targets/mbed_ethernet/rflpc/rflpc17xx/librflpc17xx.a(pinconf.o)
 .bss           0x0000000000000000        0x0 /tmp/moyart/Documents/PJE/smews/targets/mbed_ethernet/rflpc/rflpc17xx/librflpc17xx.a(pinconf.o)

Memory Configuration

Name             Origin             Length             Attributes
flash            0x0000000000000000 0x0000000000080000 xr
ram              0x0000000010000000 0x0000000000008000 xrw
out_ram          0x000000002007c000 0x0000000000008000 xrw
*default*        0x0000000000000000 0xffffffffffffffff

Linker script and memory map

                0x0000000000000000                . = 0x0

.text           0x0000000000000000    0x10d68
                0x0000000000000000                _interrupt_start = .
 *(.interrupt_vector)
 .interrupt_vector
                0x0000000000000000       0xc4 /tmp/moyart/Documents/PJE/smews/targets/mbed_ethernet/rflpc/rflpc17xx/librflpc17xx.a(init.o)
                0x0000000000000000                _rom_interrupts
                0x00000000000000c4                _interrupt_end = .
 *(.text*)
 .text.proto_eth_demangle
                0x00000000000000c4       0x40 bin/mbed_ethernet/drivers/ethernet.o
                0x00000000000000c4                proto_eth_demangle
 .text.proto_eth_mangle
                0x0000000000000104       0x3c bin/mbed_ethernet/drivers/ethernet.o
                0x0000000000000104                proto_eth_mangle
 .text.proto_eth_addr_equal
                0x0000000000000140       0x4c bin/mbed_ethernet/drivers/ethernet.o
                0x0000000000000140                proto_eth_addr_equal
 .text.proto_eth_addr_is_multicast
                0x000000000000018c        0x8 bin/mbed_ethernet/drivers/ethernet.o
                0x000000000000018c                proto_eth_addr_is_multicast
 .text.mbed_eth_get_byte
                0x0000000000000194       0xac bin/mbed_ethernet/drivers/eth_input.o
                0x0000000000000194                mbed_eth_get_byte
 .text.mbed_eth_byte_available
                0x0000000000000240       0x30 bin/mbed_ethernet/drivers/eth_input.o
                0x0000000000000240                mbed_eth_byte_available
 .text.mbed_process_input
                0x0000000000000270       0xc8 bin/mbed_ethernet/drivers/eth_input.o
                0x0000000000000270                mbed_process_input
 .text.mbed_eth_fill_header
                0x0000000000000338       0x80 bin/mbed_ethernet/drivers/eth_output.o
                0x0000000000000338                mbed_eth_fill_header
 .text.mbed_eth_prepare_fragment
                0x00000000000003b8       0xb8 bin/mbed_ethernet/drivers/eth_output.o
                0x00000000000003b8                mbed_eth_prepare_fragment
 .text.mbed_eth_prepare_output
                0x0000000000000470       0x28 bin/mbed_ethernet/drivers/eth_output.o
                0x0000000000000470                mbed_eth_prepare_output
 .text.mbed_eth_put_byte
                0x0000000000000498       0x18 bin/mbed_ethernet/drivers/eth_output.o
                0x0000000000000498                mbed_eth_put_byte
 .text.mbed_eth_put_nbytes
                0x00000000000004b0       0x60 bin/mbed_ethernet/drivers/eth_output.o
                0x00000000000004b0                mbed_eth_put_nbytes
 .text.mbed_eth_output_done
                0x0000000000000510       0xa8 bin/mbed_ethernet/drivers/eth_output.o
                0x0000000000000510                mbed_eth_output_done
 .text.mbed_eth_is_releasable_buffer
                0x00000000000005b8       0x30 bin/mbed_ethernet/drivers/out_buffers.o
                0x00000000000005b8                mbed_eth_is_releasable_buffer
 .text.mbed_eth_init_tx_buffers
                0x00000000000005e8       0x1c bin/mbed_ethernet/drivers/out_buffers.o
                0x00000000000005e8                mbed_eth_init_tx_buffers
 .text.mbed_eth_get_tx_buffer
                0x0000000000000604       0x3c bin/mbed_ethernet/drivers/out_buffers.o
                0x0000000000000604                mbed_eth_get_tx_buffer
 .text.mbed_eth_release_tx_buffer
                0x0000000000000640        0x8 bin/mbed_ethernet/drivers/out_buffers.o
                0x0000000000000640                mbed_eth_release_tx_buffer
 .text._uart_irq
                0x0000000000000648       0x18 bin/mbed_ethernet/drivers/hardware.o
                0x0000000000000648                _uart_irq
 .text.mbed_eth_garbage_tx_buffers
                0x0000000000000660       0x5c bin/mbed_ethernet/drivers/hardware.o
                0x0000000000000660                mbed_eth_garbage_tx_buffers
 .text._eth_irq_handler
                0x00000000000006bc       0xa4 bin/mbed_ethernet/drivers/hardware.o
                0x00000000000006bc                _eth_irq_handler
 .text.mbed_auto_set_mac
                0x0000000000000760       0x2c bin/mbed_ethernet/drivers/hardware.o
                0x0000000000000760                mbed_auto_set_mac
 .text.mbed_display_ip
                0x000000000000078c       0x20 bin/mbed_ethernet/drivers/hardware.o
                0x000000000000078c                mbed_display_ip
 .text.mbed_display_mac
                0x00000000000007ac       0x2c bin/mbed_ethernet/drivers/hardware.o
                0x00000000000007ac                mbed_display_mac
 .text.mbed_init_timer
                0x00000000000007d8       0x30 bin/mbed_ethernet/drivers/hardware.o
                0x00000000000007d8                mbed_init_timer
 .text.mbed_print_configuration
                0x0000000000000808       0x18 bin/mbed_ethernet/drivers/hardware.o
                0x0000000000000808                mbed_print_configuration
 .text.mbed_print_motd
                0x0000000000000820      0x130 bin/mbed_ethernet/drivers/hardware.o
                0x0000000000000820                mbed_print_motd
 .text.mbed_configure_eth
                0x0000000000000950       0xf8 bin/mbed_ethernet/drivers/hardware.o
                0x0000000000000950                mbed_configure_eth
 .text.mbed_eth_hardware_init
                0x0000000000000a48       0x48 bin/mbed_ethernet/drivers/hardware.o
                0x0000000000000a48                mbed_eth_hardware_init
 .text.proto_ip_get_src
                0x0000000000000a90       0x20 bin/mbed_ethernet/drivers/ip.o
                0x0000000000000a90                proto_ip_get_src
 .text.proto_ip_get_size
                0x0000000000000ab0        0xc bin/mbed_ethernet/drivers/ip.o
                0x0000000000000ab0                proto_ip_get_size
 .text.proto_arp_demangle
                0x0000000000000abc       0x98 bin/mbed_ethernet/drivers/arp.o
                0x0000000000000abc                proto_arp_demangle
 .text.proto_arp_mangle
                0x0000000000000b54       0x7c bin/mbed_ethernet/drivers/arp.o
                0x0000000000000b54                proto_arp_mangle
 .text.mbed_process_arp
                0x0000000000000bd0      0x180 bin/mbed_ethernet/drivers/arp.o
                0x0000000000000bd0                mbed_process_arp
 .text.dev_put16_val
                0x0000000000000d50       0x14 bin/mbed_ethernet/core/output.o
 .text.dev_put32
                0x0000000000000d64       0x20 bin/mbed_ethernet/core/output.o
 .text.smews_send_packet
                0x0000000000000d84      0x4f8 bin/mbed_ethernet/core/output.o
                0x0000000000000d84                smews_send_packet
 .text.smews_send
                0x000000000000127c      0x5a0 bin/mbed_ethernet/core/output.o
                0x000000000000127c                smews_send
 .text.main     0x000000000000181c       0x60 bin/mbed_ethernet/core/main.o
                0x000000000000181c                main
 .text.cr_init  0x000000000000187c       0x20 bin/mbed_ethernet/core/coroutines.o
                0x000000000000187c                cr_init
 .text.cr_run   0x000000000000189c       0x94 bin/mbed_ethernet/core/coroutines.o
                0x000000000000189c                cr_run
 .text.cr_prepare
                0x0000000000001930       0x74 bin/mbed_ethernet/core/coroutines.o
                0x0000000000001930                cr_prepare
 .text.cr_clean
                0x00000000000019a4       0x24 bin/mbed_ethernet/core/coroutines.o
                0x00000000000019a4                cr_clean
 .text.if_select
                0x00000000000019c8       0x18 bin/mbed_ethernet/core/coroutines.o
                0x00000000000019c8                if_select
 .text.context_backup
                0x00000000000019e0       0xa0 bin/mbed_ethernet/core/coroutines.o
                0x00000000000019e0                context_backup
 .text.context_restore
                0x0000000000001a80       0x30 bin/mbed_ethernet/core/coroutines.o
                0x0000000000001a80                context_restore
 .text.dev_get16
                0x0000000000001ab0       0x28 bin/mbed_ethernet/core/input.o
 .text.dev_get32
                0x0000000000001ad8       0x14 bin/mbed_ethernet/core/input.o
 .text.smews_gpip_get_output_handler
                0x0000000000001aec       0x3c bin/mbed_ethernet/core/input.o
                0x0000000000001aec                smews_gpip_get_output_handler
 .text.smews_receive
                0x0000000000001b28     0x12c4 bin/mbed_ethernet/core/input.o
                0x0000000000001b28                smews_receive
 .text.something_to_send
                0x0000000000002dec       0x54 bin/mbed_ethernet/core/connections.o
                0x0000000000002dec                something_to_send
 .text.add_connection
                0x0000000000002e40       0x50 bin/mbed_ethernet/core/connections.o
                0x0000000000002e40                add_connection
 .text.free_connection
                0x0000000000002e90       0x5c bin/mbed_ethernet/core/connections.o
                0x0000000000002e90                free_connection
 .text.get_current_remote_ip
                0x0000000000002eec       0x20 bin/mbed_ethernet/core/connections.o
                0x0000000000002eec                get_current_remote_ip
 .text.clean_service
                0x0000000000002f0c       0x80 bin/mbed_ethernet/core/service.o
                0x0000000000002f0c                clean_service
 .text.set_timer
                0x0000000000002f8c       0x30 bin/mbed_ethernet/core/timers.o
                0x0000000000002f8c                set_timer
 .text.smews_timers
                0x0000000000002fbc       0x40 bin/mbed_ethernet/core/timers.o
                0x0000000000002fbc                smews_timers
 .text.mem_reset
                0x0000000000002ffc       0x18 bin/mbed_ethernet/core/memory.o
                0x0000000000002ffc                mem_reset
 .text.mem_alloc
                0x0000000000003014       0x98 bin/mbed_ethernet/core/memory.o
                0x0000000000003014                mem_alloc
 .text.mem_free
                0x00000000000030ac       0x84 bin/mbed_ethernet/core/memory.o
                0x00000000000030ac                mem_free
 .text.mem_realloc
                0x0000000000003130       0x3c bin/mbed_ethernet/core/memory.o
                0x0000000000003130                mem_realloc
 .text.checksum_init
                0x000000000000316c       0x20 bin/mbed_ethernet/core/checksum.o
                0x000000000000316c                checksum_init
 .text.checksum_add
                0x000000000000318c       0x30 bin/mbed_ethernet/core/checksum.o
                0x000000000000318c                checksum_add
 .text.checksum_add16
                0x00000000000031bc       0x30 bin/mbed_ethernet/core/checksum.o
                0x00000000000031bc                checksum_add16
 .text.checksum_add32
                0x00000000000031ec       0x38 bin/mbed_ethernet/core/checksum.o
                0x00000000000031ec                checksum_add32
 .text.checksum_end
                0x0000000000003224       0x20 bin/mbed_ethernet/core/checksum.o
                0x0000000000003224                checksum_end
 .text.add_link_layer_address
                0x0000000000003244       0x88 bin/mbed_ethernet/core/link_layer_cache.o
                0x0000000000003244                add_link_layer_address
 .text.get_link_layer_address
                0x00000000000032cc       0x44 bin/mbed_ethernet/core/link_layer_cache.o
                0x00000000000032cc                get_link_layer_address
 .text.smews_retransmit
                0x0000000000003310       0x50 bin/mbed_ethernet/core/smews.o
                0x0000000000003310                smews_retransmit
 .text.null_action
                0x0000000000003360        0x4 bin/mbed_ethernet/gen/apps/pendu/main.o
 .text.lcd_f    0x0000000000003364       0x18 bin/mbed_ethernet/gen/apps/pendu/main.o
 .text.set_pixel
                0x000000000000337c       0x20 bin/mbed_ethernet/gen/apps/pendu/print_str.o
                0x000000000000337c                set_pixel
 .text.clr_pixel
                0x000000000000339c       0x20 bin/mbed_ethernet/gen/apps/pendu/print_str.o
                0x000000000000339c                clr_pixel
 .text.set_pixel_at
                0x00000000000033bc       0x38 bin/mbed_ethernet/gen/apps/pendu/print_str.o
                0x00000000000033bc                set_pixel_at
 .text.init_lcd
                0x00000000000033f4       0x1c bin/mbed_ethernet/gen/apps/pendu/print_str.o
                0x00000000000033f4                init_lcd
 .text.clr_lcd  0x0000000000003410       0x20 bin/mbed_ethernet/gen/apps/pendu/print_str.o
                0x0000000000003410                clr_lcd
 .text.print_char
                0x0000000000003430     0x16b0 bin/mbed_ethernet/gen/apps/pendu/print_str.o
                0x0000000000003430                print_char
 .text.print_string
                0x0000000000004ae0       0x1c bin/mbed_ethernet/gen/apps/pendu/print_str.o
                0x0000000000004ae0                print_string
 .text._lcd_cmd
                0x0000000000004afc       0x6c bin/mbed_ethernet/gen/apps/pendu/nhd_spi_lcd.o
 .text.nhd_spi_lcd_init
                0x0000000000004b68       0xe4 bin/mbed_ethernet/gen/apps/pendu/nhd_spi_lcd.o
                0x0000000000004b68                nhd_spi_lcd_init
 .text.nhd_spi_lcd_display_buffer
                0x0000000000004c4c       0xcc bin/mbed_ethernet/gen/apps/pendu/nhd_spi_lcd.o
                0x0000000000004c4c                nhd_spi_lcd_display_buffer
 .text._init_stack
                0x0000000000004d18       0x28 /tmp/moyart/Documents/PJE/smews/targets/mbed_ethernet/rflpc/rflpc17xx/librflpc17xx.a(init.o)
                0x0000000000004d18                _init_stack
 .text._start   0x0000000000004d40       0x64 /tmp/moyart/Documents/PJE/smews/targets/mbed_ethernet/rflpc/rflpc17xx/librflpc17xx.a(init.o)
                0x0000000000004d40                _start
 .text.rflpc_clock_init
                0x0000000000004da4       0xe8 /tmp/moyart/Documents/PJE/smews/targets/mbed_ethernet/rflpc/rflpc17xx/librflpc17xx.a(clock.o)
                0x0000000000004da4                rflpc_clock_init
 .text.rflpc_clock_get_system_clock
                0x0000000000004e8c        0xc /tmp/moyart/Documents/PJE/smews/targets/mbed_ethernet/rflpc/rflpc17xx/librflpc17xx.a(clock.o)
                0x0000000000004e8c                rflpc_clock_get_system_clock
 .text._default_exception_handler
                0x0000000000004e98      0x2bc /tmp/moyart/Documents/PJE/smews/targets/mbed_ethernet/rflpc/rflpc17xx/librflpc17xx.a(interrupt.o)
                0x0000000000004e98                _default_exception_handler
 .text._default_peripheral_handler
                0x0000000000005154       0x30 /tmp/moyart/Documents/PJE/smews/targets/mbed_ethernet/rflpc/rflpc17xx/librflpc17xx.a(interrupt.o)
                0x0000000000005154                _default_peripheral_handler
 .text.rflpc_irq_init
                0x0000000000005184       0x2c /tmp/moyart/Documents/PJE/smews/targets/mbed_ethernet/rflpc/rflpc17xx/librflpc17xx.a(interrupt.o)
                0x0000000000005184                rflpc_irq_init
 .text.rflpc_irq_set_handler
                0x00000000000051b0       0x10 /tmp/moyart/Documents/PJE/smews/targets/mbed_ethernet/rflpc/rflpc17xx/librflpc17xx.a(interrupt.o)
                0x00000000000051b0                rflpc_irq_set_handler
 .text.rflpc_iap_get_serial_number
                0x00000000000051c0       0x40 /tmp/moyart/Documents/PJE/smews/targets/mbed_ethernet/rflpc/rflpc17xx/librflpc17xx.a(iap.o)
                0x00000000000051c0                rflpc_iap_get_serial_number
 .text.rflpc_uart_putchar
                0x0000000000005200       0x18 /tmp/moyart/Documents/PJE/smews/targets/mbed_ethernet/rflpc/rflpc17xx/librflpc17xx.a(uart.o)
                0x0000000000005200                rflpc_uart_putchar
 .text.rflpc_uart_getchar
                0x0000000000005218       0x18 /tmp/moyart/Documents/PJE/smews/targets/mbed_ethernet/rflpc/rflpc17xx/librflpc17xx.a(uart.o)
                0x0000000000005218                rflpc_uart_getchar
 .text.rflpc_uart_init_ex
                0x0000000000005230       0xf8 /tmp/moyart/Documents/PJE/smews/targets/mbed_ethernet/rflpc/rflpc17xx/librflpc17xx.a(uart.o)
                0x0000000000005230                rflpc_uart_init_ex
 .text.rflpc_uart_init
                0x0000000000005328       0x18 /tmp/moyart/Documents/PJE/smews/targets/mbed_ethernet/rflpc/rflpc17xx/librflpc17xx.a(uart.o)
                0x0000000000005328                rflpc_uart_init
 .text.rflpc_uart_set_rx_callback
                0x0000000000005340       0x60 /tmp/moyart/Documents/PJE/smews/targets/mbed_ethernet/rflpc/rflpc17xx/librflpc17xx.a(uart.o)
                0x0000000000005340                rflpc_uart_set_rx_callback
 .text._read_from_phy_register_with_addr
                0x00000000000053a0       0x2c /tmp/moyart/Documents/PJE/smews/targets/mbed_ethernet/rflpc/rflpc17xx/librflpc17xx.a(ethernet.o)
 .text.rflpc_eth_init
                0x00000000000053cc      0x144 /tmp/moyart/Documents/PJE/smews/targets/mbed_ethernet/rflpc/rflpc17xx/librflpc17xx.a(ethernet.o)
                0x00000000000053cc                rflpc_eth_init
 .text.rflpc_eth_link_state
                0x0000000000005510       0x10 /tmp/moyart/Documents/PJE/smews/targets/mbed_ethernet/rflpc/rflpc17xx/librflpc17xx.a(ethernet.o)
                0x0000000000005510                rflpc_eth_link_state
 .text.rflpc_eth_set_rx_base_addresses
                0x0000000000005520       0x4c /tmp/moyart/Documents/PJE/smews/targets/mbed_ethernet/rflpc/rflpc17xx/librflpc17xx.a(ethernet.o)
                0x0000000000005520                rflpc_eth_set_rx_base_addresses
 .text.rflpc_eth_set_tx_base_addresses
                0x000000000000556c       0x3c /tmp/moyart/Documents/PJE/smews/targets/mbed_ethernet/rflpc/rflpc17xx/librflpc17xx.a(ethernet.o)
                0x000000000000556c                rflpc_eth_set_tx_base_addresses
 .text.rflpc_eth_set_mac_address
                0x00000000000055a8       0x24 /tmp/moyart/Documents/PJE/smews/targets/mbed_ethernet/rflpc/rflpc17xx/librflpc17xx.a(ethernet.o)
                0x00000000000055a8                rflpc_eth_set_mac_address
 .text.rflpc_spi_init
                0x00000000000055cc      0x138 /tmp/moyart/Documents/PJE/smews/targets/mbed_ethernet/rflpc/rflpc17xx/librflpc17xx.a(spi.o)
                0x00000000000055cc                rflpc_spi_init
 .text.rflpc_gpio_use_pin
                0x0000000000005704       0x10 /tmp/moyart/Documents/PJE/smews/targets/mbed_ethernet/rflpc/rflpc17xx/librflpc17xx.a(gpio.o)
                0x0000000000005704                rflpc_gpio_use_pin
 .text.rflpc_gpio_set_pin
                0x0000000000005714       0x24 /tmp/moyart/Documents/PJE/smews/targets/mbed_ethernet/rflpc/rflpc17xx/librflpc17xx.a(gpio.o)
                0x0000000000005714                rflpc_gpio_set_pin
 .text.rflpc_gpio_clr_pin
                0x0000000000005738       0x24 /tmp/moyart/Documents/PJE/smews/targets/mbed_ethernet/rflpc/rflpc17xx/librflpc17xx.a(gpio.o)
                0x0000000000005738                rflpc_gpio_clr_pin
 .text.rflpc_gpio_set_pin_val
                0x000000000000575c       0x10 /tmp/moyart/Documents/PJE/smews/targets/mbed_ethernet/rflpc/rflpc17xx/librflpc17xx.a(gpio.o)
                0x000000000000575c                rflpc_gpio_set_pin_val
 .text.rflpc_gpio_set_pin_mode_output
                0x000000000000576c       0x34 /tmp/moyart/Documents/PJE/smews/targets/mbed_ethernet/rflpc/rflpc17xx/librflpc17xx.a(gpio.o)
                0x000000000000576c                rflpc_gpio_set_pin_mode_output
 .text.rflpc_gpio_set_val
                0x00000000000057a0       0x14 /tmp/moyart/Documents/PJE/smews/targets/mbed_ethernet/rflpc/rflpc17xx/librflpc17xx.a(gpio.o)
                0x00000000000057a0                rflpc_gpio_set_val
 .text.rflpc_dma_get_chan
                0x00000000000057b4       0x54 /tmp/moyart/Documents/PJE/smews/targets/mbed_ethernet/rflpc/rflpc17xx/librflpc17xx.a(dma.o)
 .text.rflpc_dma_init
                0x0000000000005808       0x20 /tmp/moyart/Documents/PJE/smews/targets/mbed_ethernet/rflpc/rflpc17xx/librflpc17xx.a(dma.o)
                0x0000000000005808                rflpc_dma_init
 .text.rflpc_dma_channel_ready
                0x0000000000005828       0x18 /tmp/moyart/Documents/PJE/smews/targets/mbed_ethernet/rflpc/rflpc17xx/librflpc17xx.a(dma.o)
                0x0000000000005828                rflpc_dma_channel_ready
 .text.rflpc_dma_start
                0x0000000000005840       0x74 /tmp/moyart/Documents/PJE/smews/targets/mbed_ethernet/rflpc/rflpc17xx/librflpc17xx.a(dma.o)
                0x0000000000005840                rflpc_dma_start
 .text.rflpc_timer_base
                0x00000000000058b4       0x38 /tmp/moyart/Documents/PJE/smews/targets/mbed_ethernet/rflpc/rflpc17xx/librflpc17xx.a(timer.o)
 .text.rflpc_timer_enable
                0x00000000000058ec       0x3c /tmp/moyart/Documents/PJE/smews/targets/mbed_ethernet/rflpc/rflpc17xx/librflpc17xx.a(timer.o)
                0x00000000000058ec                rflpc_timer_enable
 .text.rflpc_timer_set_clock
                0x0000000000005928       0x64 /tmp/moyart/Documents/PJE/smews/targets/mbed_ethernet/rflpc/rflpc17xx/librflpc17xx.a(timer.o)
                0x0000000000005928                rflpc_timer_set_clock
 .text.rflpc_timer_start
                0x000000000000598c       0x10 /tmp/moyart/Documents/PJE/smews/targets/mbed_ethernet/rflpc/rflpc17xx/librflpc17xx.a(timer.o)
                0x000000000000598c                rflpc_timer_start
 .text.rflpc_timer_get_counter
                0x000000000000599c        0xc /tmp/moyart/Documents/PJE/smews/targets/mbed_ethernet/rflpc/rflpc17xx/librflpc17xx.a(timer.o)
                0x000000000000599c                rflpc_timer_get_counter
 .text.rflpc_timer_set_pre_scale_register
                0x00000000000059a8        0xc /tmp/moyart/Documents/PJE/smews/targets/mbed_ethernet/rflpc/rflpc17xx/librflpc17xx.a(timer.o)
                0x00000000000059a8                rflpc_timer_set_pre_scale_register
 .text.__get_MSP
                0x00000000000059b4        0x8 /tmp/moyart/Documents/PJE/smews/targets/mbed_ethernet/rflpc/rflpc17xx/librflpc17xx.a(core_cm3.o)
                0x00000000000059b4                __get_MSP
 .text.__set_MSP
                0x00000000000059bc        0x8 /tmp/moyart/Documents/PJE/smews/targets/mbed_ethernet/rflpc/rflpc17xx/librflpc17xx.a(core_cm3.o)
                0x00000000000059bc                __set_MSP
 .text._rflpc_default_putchar
                0x00000000000059c4       0x10 /tmp/moyart/Documents/PJE/smews/targets/mbed_ethernet/rflpc/rflpc17xx/librflpc17xx.a(printf.o)
 .text.printf   0x00000000000059d4      0x2cc /tmp/moyart/Documents/PJE/smews/targets/mbed_ethernet/rflpc/rflpc17xx/librflpc17xx.a(printf.o)
                0x00000000000059d4                printf
 .text.rflpc_memcpy_unaligned_fast
                0x0000000000005ca0       0x8c /tmp/moyart/Documents/PJE/smews/targets/mbed_ethernet/rflpc/rflpc17xx/librflpc17xx.a(memcpy.o)
 .text.memcpy   0x0000000000005d2c       0xb4 /tmp/moyart/Documents/PJE/smews/targets/mbed_ethernet/rflpc/rflpc17xx/librflpc17xx.a(memcpy.o)
                0x0000000000005d2c                memcpy
 .text.srand    0x0000000000005de0        0xc /tmp/moyart/Documents/PJE/smews/targets/mbed_ethernet/rflpc/rflpc17xx/librflpc17xx.a(rand.o)
                0x0000000000005de0                srand
 .text.memset   0x0000000000005dec      0x104 /tmp/moyart/Documents/PJE/smews/targets/mbed_ethernet/rflpc/rflpc17xx/librflpc17xx.a(memset.o)
                0x0000000000005dec                memset
 .text.rflpc_pin_set
                0x0000000000005ef0       0xa0 /tmp/moyart/Documents/PJE/smews/targets/mbed_ethernet/rflpc/rflpc17xx/librflpc17xx.a(pinconf.o)
                0x0000000000005ef0                rflpc_pin_set
 *(.rodata*)
 .rodata.str1.4
                0x0000000000005f90       0x27 bin/mbed_ethernet/drivers/eth_input.o
                                         0x28 (size before relaxing)
 *fill*         0x0000000000005fb7        0x1 
 .rodata.__FUNCTION__.5505
                0x0000000000005fb8       0x14 bin/mbed_ethernet/drivers/eth_input.o
 .rodata.str1.4
                0x0000000000005fcc      0x372 bin/mbed_ethernet/drivers/hardware.o
                                        0x378 (size before relaxing)
 *fill*         0x000000000000633e        0x2 
 .rodata.serviceHttpHeaderChunked
                0x0000000000006340       0x4c bin/mbed_ethernet/core/output.o
 .rodata.serviceHttpHeaderPart2
                0x000000000000638c       0x20 bin/mbed_ethernet/core/output.o
 .rodata.serviceHttpHeader
                0x00000000000063ac       0x24 bin/mbed_ethernet/core/output.o
 .rodata.blob_http_rqt
                0x00000000000063d0       0x10 bin/mbed_ethernet/core/input.o
                0x00000000000063d0                blob_http_rqt
 .rodata.blob_http_header_content
                0x00000000000063e0       0x34 bin/mbed_ethernet/core/input.o
                0x00000000000063e0                blob_http_header_content
 .rodata.str1.4
                0x0000000000006414        0x5 bin/mbed_ethernet/core/input.o
                                          0x8 (size before relaxing)
 *fill*         0x0000000000006419        0x3 
 .rodata.blob_http_header_end
                0x000000000000641c        0x4 bin/mbed_ethernet/core/input.o
 .rodata.mimes_tree
                0x0000000000006420       0xcc bin/mbed_ethernet/core/input.o
                0x0000000000006420                mimes_tree
 .rodata.ref_synack
                0x00000000000064ec       0x2c bin/mbed_ethernet/core/handlers.o
                0x00000000000064ec                ref_synack
 .rodata.ref_rst
                0x0000000000006518       0x2c bin/mbed_ethernet/core/handlers.o
                0x0000000000006518                ref_rst
 .rodata.ref_finack
                0x0000000000006544       0x2c bin/mbed_ethernet/core/handlers.o
                0x0000000000006544                ref_finack
 .rodata.ref_ack
                0x0000000000006570       0x2c bin/mbed_ethernet/core/handlers.o
                0x0000000000006570                ref_ack
 .rodata.apps_pendu_index_html_handler
                0x000000000000659c       0x2c bin/mbed_ethernet/gen/apps/pendu/g_c5_index_html.o
                0x000000000000659c                apps_pendu_index_html_handler
 .rodata.chk_apps_pendu_index_html
                0x00000000000065c8       0x80 bin/mbed_ethernet/gen/apps/pendu/g_c5_index_html.o
                0x00000000000065c8                chk_apps_pendu_index_html
 .rodata.data_apps_pendu_index_html
                0x0000000000006648      0x7d4 bin/mbed_ethernet/gen/apps/pendu/g_c5_index_html.o
                0x0000000000006648                data_apps_pendu_index_html
 .rodata.data_apps_pendu_robots_txt
                0x0000000000006e1c       0xf8 bin/mbed_ethernet/gen/apps/pendu/g_c5_robots_txt.o
                0x0000000000006e1c                data_apps_pendu_robots_txt
 .rodata.chk_apps_pendu_robots_txt
                0x0000000000006f14       0x10 bin/mbed_ethernet/gen/apps/pendu/g_c5_robots_txt.o
                0x0000000000006f14                chk_apps_pendu_robots_txt
 .rodata.apps_pendu_robots_txt_handler
                0x0000000000006f24       0x2c bin/mbed_ethernet/gen/apps/pendu/g_c5_robots_txt.o
                0x0000000000006f24                apps_pendu_robots_txt_handler
 .rodata.args_index
                0x0000000000006f50        0x4 bin/mbed_ethernet/gen/apps/pendu/main.o
 .rodata.args_tree
                0x0000000000006f54        0x4 bin/mbed_ethernet/gen/apps/pendu/main.o
 .rodata.apps_pendu_main
                0x0000000000006f58       0x2c bin/mbed_ethernet/gen/apps/pendu/main.o
                0x0000000000006f58                apps_pendu_main
 .rodata.data_apps_httpCodes_505_html
                0x0000000000006f84      0x138 bin/mbed_ethernet/gen/apps/httpCodes/g_c5_505_html.o
                0x0000000000006f84                data_apps_httpCodes_505_html
 .rodata.chk_apps_httpCodes_505_html
                0x00000000000070bc       0x14 bin/mbed_ethernet/gen/apps/httpCodes/g_c5_505_html.o
                0x00000000000070bc                chk_apps_httpCodes_505_html
 .rodata.apps_httpCodes_505_html_handler
                0x00000000000070d0       0x2c bin/mbed_ethernet/gen/apps/httpCodes/g_c5_505_html.o
                0x00000000000070d0                apps_httpCodes_505_html_handler
 .rodata.data_apps_pendu_assets_js_pendu_js
                0x00000000000070fc      0x504 bin/mbed_ethernet/gen/apps/pendu/assets/js/g_c5_pendu_js.o
                0x00000000000070fc                data_apps_pendu_assets_js_pendu_js
 .rodata.chk_apps_pendu_assets_js_pendu_js
                0x0000000000007600       0x54 bin/mbed_ethernet/gen/apps/pendu/assets/js/g_c5_pendu_js.o
                0x0000000000007600                chk_apps_pendu_assets_js_pendu_js
 .rodata.apps_pendu_assets_js_pendu_js_handler
                0x0000000000007654       0x2c bin/mbed_ethernet/gen/apps/pendu/assets/js/g_c5_pendu_js.o
                0x0000000000007654                apps_pendu_assets_js_pendu_js_handler
 .rodata.data_apps_pendu_assets_css_custom_css
                0x0000000000007680      0x34c bin/mbed_ethernet/gen/apps/pendu/assets/css/g_c5_custom_css.o
                0x0000000000007680                data_apps_pendu_assets_css_custom_css
 .rodata.apps_pendu_assets_css_custom_css_handler
                0x00000000000079cc       0x2c bin/mbed_ethernet/gen/apps/pendu/assets/css/g_c5_custom_css.o
                0x00000000000079cc                apps_pendu_assets_css_custom_css_handler
 .rodata.chk_apps_pendu_assets_css_custom_css
                0x00000000000079f8       0x38 bin/mbed_ethernet/gen/apps/pendu/assets/css/g_c5_custom_css.o
                0x00000000000079f8                chk_apps_pendu_assets_css_custom_css
 .rodata.chk_apps_httpCodes_404_html
                0x0000000000007a30       0x14 bin/mbed_ethernet/gen/apps/httpCodes/g_c5_404_html.o
                0x0000000000007a30                chk_apps_httpCodes_404_html
 .rodata.data_apps_httpCodes_404_html
                0x0000000000007a44      0x120 bin/mbed_ethernet/gen/apps/httpCodes/g_c5_404_html.o
                0x0000000000007a44                data_apps_httpCodes_404_html
 .rodata.apps_httpCodes_404_html_handler
                0x0000000000007b64       0x2c bin/mbed_ethernet/gen/apps/httpCodes/g_c5_404_html.o
                0x0000000000007b64                apps_httpCodes_404_html_handler
 .rodata.apps_pendu_humans_txt_handler
                0x0000000000007b90       0x2c bin/mbed_ethernet/gen/apps/pendu/g_c5_humans_txt.o
                0x0000000000007b90                apps_pendu_humans_txt_handler
 .rodata.data_apps_pendu_humans_txt
                0x0000000000007bbc      0x14c bin/mbed_ethernet/gen/apps/pendu/g_c5_humans_txt.o
                0x0000000000007bbc                data_apps_pendu_humans_txt
 .rodata.chk_apps_pendu_humans_txt
                0x0000000000007d08       0x18 bin/mbed_ethernet/gen/apps/pendu/g_c5_humans_txt.o
                0x0000000000007d08                chk_apps_pendu_humans_txt
 .rodata.chk_apps_pendu_assets_js_jquery_min_js
                0x0000000000007d20      0x824 bin/mbed_ethernet/gen/apps/pendu/assets/js/g_c5_jquery_min_js.o
                0x0000000000007d20                chk_apps_pendu_assets_js_jquery_min_js
 .rodata.apps_pendu_assets_js_jquery_min_js_handler
                0x0000000000008544       0x2c bin/mbed_ethernet/gen/apps/pendu/assets/js/g_c5_jquery_min_js.o
                0x0000000000008544                apps_pendu_assets_js_jquery_min_js_handler
 .rodata.data_apps_pendu_assets_js_jquery_min_js
                0x0000000000008570     0x823c bin/mbed_ethernet/gen/apps/pendu/assets/js/g_c5_jquery_min_js.o
                0x0000000000008570                data_apps_pendu_assets_js_jquery_min_js
 .rodata.resources_index
                0x00000000000107ac       0x2c bin/mbed_ethernet/gen/resources_index.o
                0x00000000000107ac                resources_index
 .rodata.urls_tree
                0x00000000000107d8       0x94 bin/mbed_ethernet/gen/resources_index.o
                0x00000000000107d8                urls_tree
 .rodata.str1.4
                0x000000000001086c      0x4dc /tmp/moyart/Documents/PJE/smews/targets/mbed_ethernet/rflpc/rflpc17xx/librflpc17xx.a(interrupt.o)
 .rodata.clock_dividers
                0x0000000000010d48        0xc /tmp/moyart/Documents/PJE/smews/targets/mbed_ethernet/rflpc/rflpc17xx/librflpc17xx.a(ethernet.o)
 .rodata._gpio_ports
                0x0000000000010d54       0x14 /tmp/moyart/Documents/PJE/smews/targets/mbed_ethernet/rflpc/rflpc17xx/librflpc17xx.a(gpio.o)
                0x0000000000010d68                _text_end = .

.glue_7         0x0000000000010d68        0x0
 .glue_7        0x0000000000010d68        0x0 linker stubs

.glue_7t        0x0000000000010d68        0x0
 .glue_7t       0x0000000000010d68        0x0 linker stubs

.vfp11_veneer   0x0000000000010d68        0x0
 .vfp11_veneer  0x0000000000010d68        0x0 linker stubs

.v4_bx          0x0000000000010d68        0x0
 .v4_bx         0x0000000000010d68        0x0 linker stubs

.iplt           0x0000000000010d68        0x0
 .iplt          0x0000000000010d68        0x0 bin/mbed_ethernet/drivers/eth_input.o

.rel.dyn        0x0000000000010d68        0x0
 .rel.iplt      0x0000000000010d68        0x0 bin/mbed_ethernet/drivers/eth_input.o

.relocated_interrupt_vector
                0x0000000010000000       0xc4
 *(.ram_int_vector)
 .ram_int_vector
                0x0000000010000000       0xc4 /tmp/moyart/Documents/PJE/smews/targets/mbed_ethernet/rflpc/rflpc17xx/librflpc17xx.a(interrupt.o)

.bss            0x00000000100000c4     0x1d0e
                0x00000000100000c4                _bss_start = .
                0x00000000100000c4                _ram_start = .
 *(.bss*)
 .bss.current_rx_frame
                0x00000000100000c4        0x4 bin/mbed_ethernet/drivers/eth_input.o
                0x00000000100000c4                current_rx_frame
 .bss.current_rx_frame_idx
                0x00000000100000c8        0x4 bin/mbed_ethernet/drivers/eth_input.o
                0x00000000100000c8                current_rx_frame_idx
 .bss.current_rx_frame_size
                0x00000000100000cc        0x4 bin/mbed_ethernet/drivers/eth_input.o
                0x00000000100000cc                current_rx_frame_size
 .bss.byte_count
                0x00000000100000d0        0x4 bin/mbed_ethernet/drivers/eth_input.o
 .bss.gpip_output_buffer
                0x00000000100000d4      0x5dc bin/mbed_ethernet/core/output.o
 .bss.current_cr
                0x00000000100006b0        0x4 bin/mbed_ethernet/core/coroutines.o
 .bss.shared_stack
                0x00000000100006b4      0x400 bin/mbed_ethernet/core/coroutines.o
 .bss.cr_in_stack
                0x0000000010000ab4        0x4 bin/mbed_ethernet/core/coroutines.o
 .bss.all_timers
                0x0000000010000ab8        0x4 bin/mbed_ethernet/core/timers.o
 .bss.alloc_buffer
                0x0000000010000abc     0x1004 bin/mbed_ethernet/core/memory.o
 .bss.first_free
                0x0000000010001ac0        0x4 bin/mbed_ethernet/core/memory.o
 .bss.checksum_carry
                0x0000000010001ac4        0x1 bin/mbed_ethernet/core/checksum.o
 .bss.checksum_flip
                0x0000000010001ac5        0x1 bin/mbed_ethernet/core/checksum.o
 *fill*         0x0000000010001ac6        0x2 
 .bss._link_layer_table
                0x0000000010001ac8       0xa0 bin/mbed_ethernet/core/link_layer_cache.o
 .bss.buffer    0x0000000010001b68      0x200 bin/mbed_ethernet/gen/apps/pendu/print_str.o
 .bss._cs_pin   0x0000000010001d68        0x1 bin/mbed_ethernet/gen/apps/pendu/nhd_spi_lcd.o
 *fill*         0x0000000010001d69        0x1 
 .bss._display_size
                0x0000000010001d6a        0x2 bin/mbed_ethernet/gen/apps/pendu/nhd_spi_lcd.o
 .bss._spi_port
                0x0000000010001d6c        0x1 bin/mbed_ethernet/gen/apps/pendu/nhd_spi_lcd.o
 .bss._a0_pin   0x0000000010001d6d        0x1 bin/mbed_ethernet/gen/apps/pendu/nhd_spi_lcd.o
 .bss._reset_pin
                0x0000000010001d6e        0x1 bin/mbed_ethernet/gen/apps/pendu/nhd_spi_lcd.o
 *fill*         0x0000000010001d6f        0x1 
 .bss.i.4829    0x0000000010001d70        0x4 /tmp/moyart/Documents/PJE/smews/targets/mbed_ethernet/rflpc/rflpc17xx/librflpc17xx.a(init.o)
 .bss._seed     0x0000000010001d74        0x4 /tmp/moyart/Documents/PJE/smews/targets/mbed_ethernet/rflpc/rflpc17xx/librflpc17xx.a(rand.o)
 COMMON         0x0000000010001d78       0x18 bin/mbed_ethernet/drivers/eth_output.o
                0x0000000010001d78                ethernet_header
                0x0000000010001d88                current_buffer
 COMMON         0x0000000010001d90        0x6 bin/mbed_ethernet/drivers/hardware.o
                0x0000000010001d90                local_eth_addr
 *fill*         0x0000000010001d96        0x2 
 COMMON         0x0000000010001d98       0x14 bin/mbed_ethernet/core/output.o
                0x0000000010001d98                curr_output
 COMMON         0x0000000010001dac        0x4 bin/mbed_ethernet/core/coroutines.o
                0x0000000010001dac                main_sp
 COMMON         0x0000000010001db0        0x8 bin/mbed_ethernet/core/input.o
                0x0000000010001db0                curr_input
 COMMON         0x0000000010001db8       0x14 bin/mbed_ethernet/core/connections.o
                0x0000000010001db8                rst_connection
                0x0000000010001dc8                all_connections
 COMMON         0x0000000010001dcc        0x1 bin/mbed_ethernet/core/timers.o
                0x0000000010001dcc                last_transmission_time
 *fill*         0x0000000010001dcd        0x3 
 COMMON         0x0000000010001dd0        0x2 bin/mbed_ethernet/core/checksum.o
                0x0000000010001dd0                current_checksum
                0x0000000010001dd2                _bss_end = .

.data           0x0000000010001dd4       0x34 load address 0x0000000000010d68
                0x0000000010001dd4                _data_start = .
 *(.data*)
 .data.first.5834
                0x0000000010001dd4        0x4 bin/mbed_ethernet/drivers/eth_output.o
 .data.coroutine_state
                0x0000000010001dd8        0x4 bin/mbed_ethernet/core/connections.o
                0x0000000010001dd8                coroutine_state
 .data.local_ip_addr
                0x0000000010001ddc        0x4 bin/mbed_ethernet/core/connections.o
                0x0000000010001ddc                local_ip_addr
 .data._rflpc_system_clock
                0x0000000010001de0        0x4 /tmp/moyart/Documents/PJE/smews/targets/mbed_ethernet/rflpc/rflpc17xx/librflpc17xx.a(clock.o)
 .data._rflpc_uart_config
                0x0000000010001de4       0x20 /tmp/moyart/Documents/PJE/smews/targets/mbed_ethernet/rflpc/rflpc17xx/librflpc17xx.a(uart.o)
 .data._rflpc_putchar
                0x0000000010001e04        0x4 /tmp/moyart/Documents/PJE/smews/targets/mbed_ethernet/rflpc/rflpc17xx/librflpc17xx.a(printf.o)
                0x0000000010001e08                _data_end = .

.igot.plt       0x0000000010001e08        0x0 load address 0x0000000000010d9c
 .igot.plt      0x0000000010001e08        0x0 bin/mbed_ethernet/drivers/eth_input.o

.stack          0x0000000010001e08      0x400 load address 0x0000000000010d9c
 *(.stack)
 .stack         0x0000000010001e08      0x400 /tmp/moyart/Documents/PJE/smews/targets/mbed_ethernet/rflpc/rflpc17xx/librflpc17xx.a(init.o)
                0x0000000010001e08                _stack

.out_ram        0x000000002007c000     0x7a20
 *(.out_ram)
 .out_ram       0x000000002007c000     0x3c50 bin/mbed_ethernet/drivers/out_buffers.o
                0x000000002007c000                _tx_buffers
 .out_ram       0x000000002007fc50     0x3da4 bin/mbed_ethernet/drivers/hardware.o
                0x000000002007fc50                _tx_status
                0x000000002007fca0                _tx_descriptors
                0x000000002007fd40                _rx_buffers
                0x0000000020083954                _rx_descriptors
                0x00000000200839a4                _rx_status
 .out_ram       0x00000000200839f4       0x2c bin/mbed_ethernet/drivers/arp.o
                0x00000000200839f4                _arp_reply_buffer
LOAD bin/mbed_ethernet/drivers/ethernet.o
LOAD bin/mbed_ethernet/drivers/lcd.o
LOAD bin/mbed_ethernet/drivers/mbed_debug.o
LOAD bin/mbed_ethernet/drivers/eth_input.o
LOAD bin/mbed_ethernet/drivers/debug_console.o
LOAD bin/mbed_ethernet/drivers/eth_output.o
LOAD bin/mbed_ethernet/drivers/out_buffers.o
LOAD bin/mbed_ethernet/drivers/hardware.o
LOAD bin/mbed_ethernet/drivers/ip.o
LOAD bin/mbed_ethernet/drivers/arp.o
LOAD bin/mbed_ethernet/core/output.o
LOAD bin/mbed_ethernet/core/main.o
LOAD bin/mbed_ethernet/core/coroutines.o
LOAD bin/mbed_ethernet/core/input.o
LOAD bin/mbed_ethernet/core/generators.o
LOAD bin/mbed_ethernet/core/handlers.o
LOAD bin/mbed_ethernet/core/connections.o
LOAD bin/mbed_ethernet/core/service.o
LOAD bin/mbed_ethernet/core/timers.o
LOAD bin/mbed_ethernet/core/memory.o
LOAD bin/mbed_ethernet/core/checksum.o
LOAD bin/mbed_ethernet/core/link_layer_cache.o
LOAD bin/mbed_ethernet/core/smews.o
LOAD bin/mbed_ethernet/gen/apps/pendu/g_c5_index_html.o
LOAD bin/mbed_ethernet/gen/apps/pendu/g_c5_robots_txt.o
LOAD bin/mbed_ethernet/gen/apps/pendu/main.o
LOAD bin/mbed_ethernet/gen/apps/httpCodes/g_c5_505_html.o
LOAD bin/mbed_ethernet/gen/apps/pendu/print_str.o
LOAD bin/mbed_ethernet/gen/apps/pendu/nhd_spi_lcd.o
LOAD bin/mbed_ethernet/gen/apps/pendu/assets/js/g_c5_pendu_js.o
LOAD bin/mbed_ethernet/gen/apps/pendu/assets/css/g_c5_custom_css.o
LOAD bin/mbed_ethernet/gen/apps/httpCodes/g_c5_404_html.o
LOAD bin/mbed_ethernet/gen/apps/pendu/g_c5_humans_txt.o
LOAD bin/mbed_ethernet/gen/apps/pendu/assets/js/g_c5_jquery_min_js.o
LOAD bin/mbed_ethernet/gen/resources_index.o
LOAD /tmp/moyart/Documents/PJE/smews/targets/mbed_ethernet/rflpc/rflpc17xx/librflpc17xx.a
OUTPUT(bin/mbed_ethernet/smews.elf elf32-littlearm)

.comment        0x0000000000000000       0x2d
 .comment       0x0000000000000000       0x2d bin/mbed_ethernet/drivers/ethernet.o
                                         0x2e (size before relaxing)
 .comment       0x000000000000002d       0x2e bin/mbed_ethernet/drivers/eth_input.o
 .comment       0x000000000000002d       0x2e bin/mbed_ethernet/drivers/eth_output.o
 .comment       0x000000000000002d       0x2e bin/mbed_ethernet/drivers/out_buffers.o
 .comment       0x000000000000002d       0x2e bin/mbed_ethernet/drivers/hardware.o
 .comment       0x000000000000002d       0x2e bin/mbed_ethernet/drivers/ip.o
 .comment       0x000000000000002d       0x2e bin/mbed_ethernet/drivers/arp.o
 .comment       0x000000000000002d       0x2e bin/mbed_ethernet/core/output.o
 .comment       0x000000000000002d       0x2e bin/mbed_ethernet/core/main.o
 .comment       0x000000000000002d       0x2e bin/mbed_ethernet/core/coroutines.o
 .comment       0x000000000000002d       0x2e bin/mbed_ethernet/core/input.o
 .comment       0x000000000000002d       0x2e bin/mbed_ethernet/core/handlers.o
 .comment       0x000000000000002d       0x2e bin/mbed_ethernet/core/connections.o
 .comment       0x000000000000002d       0x2e bin/mbed_ethernet/core/service.o
 .comment       0x000000000000002d       0x2e bin/mbed_ethernet/core/timers.o
 .comment       0x000000000000002d       0x2e bin/mbed_ethernet/core/memory.o
 .comment       0x000000000000002d       0x2e bin/mbed_ethernet/core/checksum.o
 .comment       0x000000000000002d       0x2e bin/mbed_ethernet/core/link_layer_cache.o
 .comment       0x000000000000002d       0x2e bin/mbed_ethernet/core/smews.o
 .comment       0x000000000000002d       0x2e bin/mbed_ethernet/gen/apps/pendu/g_c5_index_html.o
 .comment       0x000000000000002d       0x2e bin/mbed_ethernet/gen/apps/pendu/g_c5_robots_txt.o
 .comment       0x000000000000002d       0x2e bin/mbed_ethernet/gen/apps/pendu/main.o
 .comment       0x000000000000002d       0x2e bin/mbed_ethernet/gen/apps/httpCodes/g_c5_505_html.o
 .comment       0x000000000000002d       0x2e bin/mbed_ethernet/gen/apps/pendu/print_str.o
 .comment       0x000000000000002d       0x2e bin/mbed_ethernet/gen/apps/pendu/nhd_spi_lcd.o
 .comment       0x000000000000002d       0x2e bin/mbed_ethernet/gen/apps/pendu/assets/js/g_c5_pendu_js.o
 .comment       0x000000000000002d       0x2e bin/mbed_ethernet/gen/apps/pendu/assets/css/g_c5_custom_css.o
 .comment       0x000000000000002d       0x2e bin/mbed_ethernet/gen/apps/httpCodes/g_c5_404_html.o
 .comment       0x000000000000002d       0x2e bin/mbed_ethernet/gen/apps/pendu/g_c5_humans_txt.o
 .comment       0x000000000000002d       0x2e bin/mbed_ethernet/gen/apps/pendu/assets/js/g_c5_jquery_min_js.o
 .comment       0x000000000000002d       0x2e bin/mbed_ethernet/gen/resources_index.o
 .comment       0x000000000000002d       0x2e /tmp/moyart/Documents/PJE/smews/targets/mbed_ethernet/rflpc/rflpc17xx/librflpc17xx.a(init.o)
 .comment       0x000000000000002d       0x2e /tmp/moyart/Documents/PJE/smews/targets/mbed_ethernet/rflpc/rflpc17xx/librflpc17xx.a(clock.o)
 .comment       0x000000000000002d       0x2e /tmp/moyart/Documents/PJE/smews/targets/mbed_ethernet/rflpc/rflpc17xx/librflpc17xx.a(interrupt.o)
 .comment       0x000000000000002d       0x2e /tmp/moyart/Documents/PJE/smews/targets/mbed_ethernet/rflpc/rflpc17xx/librflpc17xx.a(iap.o)
 .comment       0x000000000000002d       0x2e /tmp/moyart/Documents/PJE/smews/targets/mbed_ethernet/rflpc/rflpc17xx/librflpc17xx.a(uart.o)
 .comment       0x000000000000002d       0x2e /tmp/moyart/Documents/PJE/smews/targets/mbed_ethernet/rflpc/rflpc17xx/librflpc17xx.a(ethernet.o)
 .comment       0x000000000000002d       0x2e /tmp/moyart/Documents/PJE/smews/targets/mbed_ethernet/rflpc/rflpc17xx/librflpc17xx.a(spi.o)
 .comment       0x000000000000002d       0x2e /tmp/moyart/Documents/PJE/smews/targets/mbed_ethernet/rflpc/rflpc17xx/librflpc17xx.a(gpio.o)
 .comment       0x000000000000002d       0x2e /tmp/moyart/Documents/PJE/smews/targets/mbed_ethernet/rflpc/rflpc17xx/librflpc17xx.a(dma.o)
 .comment       0x000000000000002d       0x2e /tmp/moyart/Documents/PJE/smews/targets/mbed_ethernet/rflpc/rflpc17xx/librflpc17xx.a(timer.o)
 .comment       0x000000000000002d       0x2e /tmp/moyart/Documents/PJE/smews/targets/mbed_ethernet/rflpc/rflpc17xx/librflpc17xx.a(core_cm3.o)
 .comment       0x000000000000002d       0x2e /tmp/moyart/Documents/PJE/smews/targets/mbed_ethernet/rflpc/rflpc17xx/librflpc17xx.a(printf.o)
 .comment       0x000000000000002d       0x2e /tmp/moyart/Documents/PJE/smews/targets/mbed_ethernet/rflpc/rflpc17xx/librflpc17xx.a(memcpy.o)
 .comment       0x000000000000002d       0x2e /tmp/moyart/Documents/PJE/smews/targets/mbed_ethernet/rflpc/rflpc17xx/librflpc17xx.a(rand.o)
 .comment       0x000000000000002d       0x2e /tmp/moyart/Documents/PJE/smews/targets/mbed_ethernet/rflpc/rflpc17xx/librflpc17xx.a(memset.o)
 .comment       0x000000000000002d       0x2e /tmp/moyart/Documents/PJE/smews/targets/mbed_ethernet/rflpc/rflpc17xx/librflpc17xx.a(pinconf.o)

.ARM.attributes
                0x0000000000000000       0x33
 .ARM.attributes
                0x0000000000000000       0x33 bin/mbed_ethernet/drivers/ethernet.o
 .ARM.attributes
                0x0000000000000033       0x33 bin/mbed_ethernet/drivers/eth_input.o
 .ARM.attributes
                0x0000000000000066       0x33 bin/mbed_ethernet/drivers/eth_output.o
 .ARM.attributes
                0x0000000000000099       0x33 bin/mbed_ethernet/drivers/out_buffers.o
 .ARM.attributes
                0x00000000000000cc       0x33 bin/mbed_ethernet/drivers/hardware.o
 .ARM.attributes
                0x00000000000000ff       0x33 bin/mbed_ethernet/drivers/ip.o
 .ARM.attributes
                0x0000000000000132       0x33 bin/mbed_ethernet/drivers/arp.o
 .ARM.attributes
                0x0000000000000165       0x33 bin/mbed_ethernet/core/output.o
 .ARM.attributes
                0x0000000000000198       0x33 bin/mbed_ethernet/core/main.o
 .ARM.attributes
                0x00000000000001cb       0x33 bin/mbed_ethernet/core/coroutines.o
 .ARM.attributes
                0x00000000000001fe       0x33 bin/mbed_ethernet/core/input.o
 .ARM.attributes
                0x0000000000000231       0x33 bin/mbed_ethernet/core/handlers.o
 .ARM.attributes
                0x0000000000000264       0x33 bin/mbed_ethernet/core/connections.o
 .ARM.attributes
                0x0000000000000297       0x33 bin/mbed_ethernet/core/service.o
 .ARM.attributes
                0x00000000000002ca       0x33 bin/mbed_ethernet/core/timers.o
 .ARM.attributes
                0x00000000000002fd       0x33 bin/mbed_ethernet/core/memory.o
 .ARM.attributes
                0x0000000000000330       0x33 bin/mbed_ethernet/core/checksum.o
 .ARM.attributes
                0x0000000000000363       0x33 bin/mbed_ethernet/core/link_layer_cache.o
 .ARM.attributes
                0x0000000000000396       0x33 bin/mbed_ethernet/core/smews.o
 .ARM.attributes
                0x00000000000003c9       0x33 bin/mbed_ethernet/gen/apps/pendu/g_c5_index_html.o
 .ARM.attributes
                0x00000000000003fc       0x33 bin/mbed_ethernet/gen/apps/pendu/g_c5_robots_txt.o
 .ARM.attributes
                0x000000000000042f       0x33 bin/mbed_ethernet/gen/apps/pendu/main.o
 .ARM.attributes
                0x0000000000000462       0x33 bin/mbed_ethernet/gen/apps/httpCodes/g_c5_505_html.o
 .ARM.attributes
                0x0000000000000495       0x33 bin/mbed_ethernet/gen/apps/pendu/print_str.o
 .ARM.attributes
                0x00000000000004c8       0x33 bin/mbed_ethernet/gen/apps/pendu/nhd_spi_lcd.o
 .ARM.attributes
                0x00000000000004fb       0x33 bin/mbed_ethernet/gen/apps/pendu/assets/js/g_c5_pendu_js.o
 .ARM.attributes
                0x000000000000052e       0x33 bin/mbed_ethernet/gen/apps/pendu/assets/css/g_c5_custom_css.o
 .ARM.attributes
                0x0000000000000561       0x33 bin/mbed_ethernet/gen/apps/httpCodes/g_c5_404_html.o
 .ARM.attributes
                0x0000000000000594       0x33 bin/mbed_ethernet/gen/apps/pendu/g_c5_humans_txt.o
 .ARM.attributes
                0x00000000000005c7       0x33 bin/mbed_ethernet/gen/apps/pendu/assets/js/g_c5_jquery_min_js.o
 .ARM.attributes
                0x00000000000005fa       0x33 bin/mbed_ethernet/gen/resources_index.o
 .ARM.attributes
                0x000000000000062d       0x33 /tmp/moyart/Documents/PJE/smews/targets/mbed_ethernet/rflpc/rflpc17xx/librflpc17xx.a(init.o)
 .ARM.attributes
                0x0000000000000660       0x33 /tmp/moyart/Documents/PJE/smews/targets/mbed_ethernet/rflpc/rflpc17xx/librflpc17xx.a(clock.o)
 .ARM.attributes
                0x0000000000000693       0x33 /tmp/moyart/Documents/PJE/smews/targets/mbed_ethernet/rflpc/rflpc17xx/librflpc17xx.a(interrupt.o)
 .ARM.attributes
                0x00000000000006c6       0x33 /tmp/moyart/Documents/PJE/smews/targets/mbed_ethernet/rflpc/rflpc17xx/librflpc17xx.a(iap.o)
 .ARM.attributes
                0x00000000000006f9       0x33 /tmp/moyart/Documents/PJE/smews/targets/mbed_ethernet/rflpc/rflpc17xx/librflpc17xx.a(uart.o)
 .ARM.attributes
                0x000000000000072c       0x33 /tmp/moyart/Documents/PJE/smews/targets/mbed_ethernet/rflpc/rflpc17xx/librflpc17xx.a(ethernet.o)
 .ARM.attributes
                0x000000000000075f       0x33 /tmp/moyart/Documents/PJE/smews/targets/mbed_ethernet/rflpc/rflpc17xx/librflpc17xx.a(spi.o)
 .ARM.attributes
                0x0000000000000792       0x33 /tmp/moyart/Documents/PJE/smews/targets/mbed_ethernet/rflpc/rflpc17xx/librflpc17xx.a(gpio.o)
 .ARM.attributes
                0x00000000000007c5       0x33 /tmp/moyart/Documents/PJE/smews/targets/mbed_ethernet/rflpc/rflpc17xx/librflpc17xx.a(dma.o)
 .ARM.attributes
                0x00000000000007f8       0x33 /tmp/moyart/Documents/PJE/smews/targets/mbed_ethernet/rflpc/rflpc17xx/librflpc17xx.a(timer.o)
 .ARM.attributes
                0x000000000000082b       0x33 /tmp/moyart/Documents/PJE/smews/targets/mbed_ethernet/rflpc/rflpc17xx/librflpc17xx.a(core_cm3.o)
 .ARM.attributes
                0x000000000000085e       0x33 /tmp/moyart/Documents/PJE/smews/targets/mbed_ethernet/rflpc/rflpc17xx/librflpc17xx.a(printf.o)
 .ARM.attributes
                0x0000000000000891       0x33 /tmp/moyart/Documents/PJE/smews/targets/mbed_ethernet/rflpc/rflpc17xx/librflpc17xx.a(memcpy.o)
 .ARM.attributes
                0x00000000000008c4       0x33 /tmp/moyart/Documents/PJE/smews/targets/mbed_ethernet/rflpc/rflpc17xx/librflpc17xx.a(rand.o)
 .ARM.attributes
                0x00000000000008f7       0x33 /tmp/moyart/Documents/PJE/smews/targets/mbed_ethernet/rflpc/rflpc17xx/librflpc17xx.a(memset.o)
 .ARM.attributes
                0x000000000000092a       0x33 /tmp/moyart/Documents/PJE/smews/targets/mbed_ethernet/rflpc/rflpc17xx/librflpc17xx.a(pinconf.o)
