Archive member included to satisfy reference by file (symbol)

/tmp/moyart/PJE/smews/targets/mbed_ethernet/rflpc/rflpc17xx/librflpc17xx.a(init.o)
                              (_start)
/tmp/moyart/PJE/smews/targets/mbed_ethernet/rflpc/rflpc17xx/librflpc17xx.a(clock.o)
                              /tmp/moyart/PJE/smews/targets/mbed_ethernet/rflpc/rflpc17xx/librflpc17xx.a(init.o) (rflpc_clock_init)
/tmp/moyart/PJE/smews/targets/mbed_ethernet/rflpc/rflpc17xx/librflpc17xx.a(interrupt.o)
                              /tmp/moyart/PJE/smews/targets/mbed_ethernet/rflpc/rflpc17xx/librflpc17xx.a(init.o) (_default_exception_handler)
/tmp/moyart/PJE/smews/targets/mbed_ethernet/rflpc/rflpc17xx/librflpc17xx.a(pinconf.o)
                              bin/mbed_ethernet/gen/apps/tetris/joystick.o (rflpc_pin_set)
/tmp/moyart/PJE/smews/targets/mbed_ethernet/rflpc/rflpc17xx/librflpc17xx.a(iap.o)
                              bin/mbed_ethernet/drivers/hardware.o (rflpc_iap_get_serial_number)
/tmp/moyart/PJE/smews/targets/mbed_ethernet/rflpc/rflpc17xx/librflpc17xx.a(uart.o)
                              bin/mbed_ethernet/drivers/hardware.o (rflpc_uart_getchar)
/tmp/moyart/PJE/smews/targets/mbed_ethernet/rflpc/rflpc17xx/librflpc17xx.a(ethernet.o)
                              bin/mbed_ethernet/drivers/hardware.o (rflpc_eth_init)
/tmp/moyart/PJE/smews/targets/mbed_ethernet/rflpc/rflpc17xx/librflpc17xx.a(gpio.o)
                              bin/mbed_ethernet/gen/apps/tetris/joystick.o (rflpc_gpio_set_pins_from_mask)
/tmp/moyart/PJE/smews/targets/mbed_ethernet/rflpc/rflpc17xx/librflpc17xx.a(dma.o)
                              bin/mbed_ethernet/drivers/hardware.o (rflpc_dma_init)
/tmp/moyart/PJE/smews/targets/mbed_ethernet/rflpc/rflpc17xx/librflpc17xx.a(timer.o)
                              bin/mbed_ethernet/drivers/hardware.o (rflpc_timer_enable)
/tmp/moyart/PJE/smews/targets/mbed_ethernet/rflpc/rflpc17xx/librflpc17xx.a(core_cm3.o)
                              bin/mbed_ethernet/core/coroutines.o (__get_MSP)
/tmp/moyart/PJE/smews/targets/mbed_ethernet/rflpc/rflpc17xx/librflpc17xx.a(printf.o)
                              bin/mbed_ethernet/drivers/eth_input.o (printf)
/tmp/moyart/PJE/smews/targets/mbed_ethernet/rflpc/rflpc17xx/librflpc17xx.a(memcpy.o)
                              bin/mbed_ethernet/drivers/eth_output.o (memcpy)
/tmp/moyart/PJE/smews/targets/mbed_ethernet/rflpc/rflpc17xx/librflpc17xx.a(rand.o)
                              bin/mbed_ethernet/drivers/hardware.o (srand)
/tmp/moyart/PJE/smews/targets/mbed_ethernet/rflpc/rflpc17xx/librflpc17xx.a(memset.o)
                              bin/mbed_ethernet/drivers/eth_output.o (memset)

Allocating common symbols
Common symbol       size              file

curr_input          0x8               bin/mbed_ethernet/core/input.o
local_eth_addr      0x6               bin/mbed_ethernet/drivers/hardware.o
last_transmission_time
                    0x1               bin/mbed_ethernet/core/timers.o
coroutine_type      0x1               bin/mbed_ethernet/drivers/eth_input.o
rst_connection      0xe               bin/mbed_ethernet/core/connections.o
all_connections     0x4               bin/mbed_ethernet/core/connections.o
curr_output         0x14              bin/mbed_ethernet/core/output.o
current_checksum    0x2               bin/mbed_ethernet/core/checksum.o
iap_sector_buffer   0x1000            /tmp/moyart/PJE/smews/targets/mbed_ethernet/rflpc/rflpc17xx/librflpc17xx.a(iap.o)
main_sp             0x4               bin/mbed_ethernet/core/coroutines.o
ethernet_header     0xe               bin/mbed_ethernet/drivers/eth_output.o
current_buffer      0x8               bin/mbed_ethernet/drivers/eth_output.o

Discarded input sections

 .text          0x0000000000000000        0x0 bin/mbed_ethernet/drivers/ethernet.o
 .data          0x0000000000000000        0x0 bin/mbed_ethernet/drivers/ethernet.o
 .bss           0x0000000000000000        0x0 bin/mbed_ethernet/drivers/ethernet.o
 .text          0x0000000000000000        0x0 bin/mbed_ethernet/drivers/lcd.o
 .data          0x0000000000000000        0x0 bin/mbed_ethernet/drivers/lcd.o
 .bss           0x0000000000000000        0x0 bin/mbed_ethernet/drivers/lcd.o
 .comment       0x0000000000000000       0x2e bin/mbed_ethernet/drivers/lcd.o
 .ARM.attributes
                0x0000000000000000       0x33 bin/mbed_ethernet/drivers/lcd.o
 .text          0x0000000000000000        0x0 bin/mbed_ethernet/drivers/mbed_debug.o
 .data          0x0000000000000000        0x0 bin/mbed_ethernet/drivers/mbed_debug.o
 .bss           0x0000000000000000        0x0 bin/mbed_ethernet/drivers/mbed_debug.o
 .comment       0x0000000000000000       0x2e bin/mbed_ethernet/drivers/mbed_debug.o
 .ARM.attributes
                0x0000000000000000       0x33 bin/mbed_ethernet/drivers/mbed_debug.o
 .text          0x0000000000000000        0x0 bin/mbed_ethernet/drivers/eth_input.o
 .data          0x0000000000000000        0x0 bin/mbed_ethernet/drivers/eth_input.o
 .bss           0x0000000000000000        0x0 bin/mbed_ethernet/drivers/eth_input.o
 COMMON         0x0000000000000000        0x1 bin/mbed_ethernet/drivers/eth_input.o
 .text          0x0000000000000000        0x0 bin/mbed_ethernet/drivers/debug_console.o
 .data          0x0000000000000000        0x0 bin/mbed_ethernet/drivers/debug_console.o
 .bss           0x0000000000000000        0x0 bin/mbed_ethernet/drivers/debug_console.o
 .comment       0x0000000000000000       0x2e bin/mbed_ethernet/drivers/debug_console.o
 .ARM.attributes
                0x0000000000000000       0x33 bin/mbed_ethernet/drivers/debug_console.o
 .text          0x0000000000000000        0x0 bin/mbed_ethernet/drivers/eth_output.o
 .data          0x0000000000000000        0x0 bin/mbed_ethernet/drivers/eth_output.o
 .bss           0x0000000000000000        0x0 bin/mbed_ethernet/drivers/eth_output.o
 .text          0x0000000000000000        0x0 bin/mbed_ethernet/drivers/out_buffers.o
 .data          0x0000000000000000        0x0 bin/mbed_ethernet/drivers/out_buffers.o
 .bss           0x0000000000000000        0x0 bin/mbed_ethernet/drivers/out_buffers.o
 .text.mbed_eth_dump_tx_buffer_status
                0x0000000000000000       0x58 bin/mbed_ethernet/drivers/out_buffers.o
 .rodata.str1.4
                0x0000000000000000       0x24 bin/mbed_ethernet/drivers/out_buffers.o
 .text          0x0000000000000000        0x0 bin/mbed_ethernet/drivers/hardware.o
 .data          0x0000000000000000        0x0 bin/mbed_ethernet/drivers/hardware.o
 .bss           0x0000000000000000        0x0 bin/mbed_ethernet/drivers/hardware.o
 .text          0x0000000000000000        0x0 bin/mbed_ethernet/drivers/ip.o
 .data          0x0000000000000000        0x0 bin/mbed_ethernet/drivers/ip.o
 .bss           0x0000000000000000        0x0 bin/mbed_ethernet/drivers/ip.o
 .text.proto_ip_get_dst
                0x0000000000000000       0x20 bin/mbed_ethernet/drivers/ip.o
 .text          0x0000000000000000        0x0 bin/mbed_ethernet/drivers/arp.o
 .data          0x0000000000000000        0x0 bin/mbed_ethernet/drivers/arp.o
 .bss           0x0000000000000000        0x0 bin/mbed_ethernet/drivers/arp.o
 .text          0x0000000000000000        0x0 bin/mbed_ethernet/core/output.o
 .data          0x0000000000000000        0x0 bin/mbed_ethernet/core/output.o
 .bss           0x0000000000000000        0x0 bin/mbed_ethernet/core/output.o
 .text          0x0000000000000000        0x0 bin/mbed_ethernet/core/main.o
 .data          0x0000000000000000        0x0 bin/mbed_ethernet/core/main.o
 .bss           0x0000000000000000        0x0 bin/mbed_ethernet/core/main.o
 .text          0x0000000000000000        0x0 bin/mbed_ethernet/core/coroutines.o
 .data          0x0000000000000000        0x0 bin/mbed_ethernet/core/coroutines.o
 .bss           0x0000000000000000        0x0 bin/mbed_ethernet/core/coroutines.o
 .text          0x0000000000000000        0x0 bin/mbed_ethernet/core/input.o
 .data          0x0000000000000000        0x0 bin/mbed_ethernet/core/input.o
 .bss           0x0000000000000000        0x0 bin/mbed_ethernet/core/input.o
 .text.in       0x0000000000000000      0x164 bin/mbed_ethernet/core/input.o
 .text          0x0000000000000000        0x0 bin/mbed_ethernet/core/generators.o
 .data          0x0000000000000000        0x0 bin/mbed_ethernet/core/generators.o
 .bss           0x0000000000000000        0x0 bin/mbed_ethernet/core/generators.o
 .text.out_str  0x0000000000000000       0x24 bin/mbed_ethernet/core/generators.o
 .text          0x0000000000000000        0x0 bin/mbed_ethernet/core/handlers.o
 .data          0x0000000000000000        0x0 bin/mbed_ethernet/core/handlers.o
 .bss           0x0000000000000000        0x0 bin/mbed_ethernet/core/handlers.o
 .text          0x0000000000000000        0x0 bin/mbed_ethernet/core/connections.o
 .data          0x0000000000000000        0x0 bin/mbed_ethernet/core/connections.o
 .bss           0x0000000000000000        0x0 bin/mbed_ethernet/core/connections.o
 .text.get_local_ip
                0x0000000000000000       0x18 bin/mbed_ethernet/core/connections.o
 .text.get_remote_ip
                0x0000000000000000       0x14 bin/mbed_ethernet/core/connections.o
 .text.get_payload_size
                0x0000000000000000       0x1c bin/mbed_ethernet/core/connections.o
 .text.get_protocol
                0x0000000000000000       0x1c bin/mbed_ethernet/core/connections.o
 .text.get_send_code
                0x0000000000000000       0x1c bin/mbed_ethernet/core/connections.o
 .text.request_packet_out_call
                0x0000000000000000       0x3c bin/mbed_ethernet/core/connections.o
 .text          0x0000000000000000        0x0 bin/mbed_ethernet/core/service.o
 .data          0x0000000000000000        0x0 bin/mbed_ethernet/core/service.o
 .bss           0x0000000000000000        0x0 bin/mbed_ethernet/core/service.o
 .text          0x0000000000000000        0x0 bin/mbed_ethernet/core/timers.o
 .data          0x0000000000000000        0x0 bin/mbed_ethernet/core/timers.o
 .bss           0x0000000000000000        0x0 bin/mbed_ethernet/core/timers.o
 .text          0x0000000000000000        0x0 bin/mbed_ethernet/core/memory.o
 .data          0x0000000000000000        0x0 bin/mbed_ethernet/core/memory.o
 .bss           0x0000000000000000        0x0 bin/mbed_ethernet/core/memory.o
 .text.get_free_mem
                0x0000000000000000       0x24 bin/mbed_ethernet/core/memory.o
 .text.get_max_free_mem
                0x0000000000000000       0x28 bin/mbed_ethernet/core/memory.o
 .text          0x0000000000000000        0x0 bin/mbed_ethernet/core/checksum.o
 .data          0x0000000000000000        0x0 bin/mbed_ethernet/core/checksum.o
 .bss           0x0000000000000000        0x0 bin/mbed_ethernet/core/checksum.o
 .text          0x0000000000000000        0x0 bin/mbed_ethernet/core/link_layer_cache.o
 .data          0x0000000000000000        0x0 bin/mbed_ethernet/core/link_layer_cache.o
 .bss           0x0000000000000000        0x0 bin/mbed_ethernet/core/link_layer_cache.o
 .text          0x0000000000000000        0x0 bin/mbed_ethernet/core/smews.o
 .data          0x0000000000000000        0x0 bin/mbed_ethernet/core/smews.o
 .bss           0x0000000000000000        0x0 bin/mbed_ethernet/core/smews.o
 .text          0x0000000000000000        0x0 bin/mbed_ethernet/gen/apps/tetris/g_c5_index_html.o
 .data          0x0000000000000000        0x0 bin/mbed_ethernet/gen/apps/tetris/g_c5_index_html.o
 .bss           0x0000000000000000        0x0 bin/mbed_ethernet/gen/apps/tetris/g_c5_index_html.o
 .text          0x0000000000000000        0x0 bin/mbed_ethernet/gen/apps/tetris/js/g_c5_tetris_js.o
 .data          0x0000000000000000        0x0 bin/mbed_ethernet/gen/apps/tetris/js/g_c5_tetris_js.o
 .bss           0x0000000000000000        0x0 bin/mbed_ethernet/gen/apps/tetris/js/g_c5_tetris_js.o
 .text          0x0000000000000000        0x0 bin/mbed_ethernet/gen/apps/tetris/g_c5_README_md.o
 .data          0x0000000000000000        0x0 bin/mbed_ethernet/gen/apps/tetris/g_c5_README_md.o
 .bss           0x0000000000000000        0x0 bin/mbed_ethernet/gen/apps/tetris/g_c5_README_md.o
 .text          0x0000000000000000        0x0 bin/mbed_ethernet/gen/apps/tetris/joystick.o
 .data          0x0000000000000000        0x0 bin/mbed_ethernet/gen/apps/tetris/joystick.o
 .bss           0x0000000000000000        0x0 bin/mbed_ethernet/gen/apps/tetris/joystick.o
 .text          0x0000000000000000        0x0 bin/mbed_ethernet/gen/apps/tetris/js/g_c5_funct_js.o
 .data          0x0000000000000000        0x0 bin/mbed_ethernet/gen/apps/tetris/js/g_c5_funct_js.o
 .bss           0x0000000000000000        0x0 bin/mbed_ethernet/gen/apps/tetris/js/g_c5_funct_js.o
 .text          0x0000000000000000        0x0 bin/mbed_ethernet/gen/apps/httpCodes/g_c5_505_html.o
 .data          0x0000000000000000        0x0 bin/mbed_ethernet/gen/apps/httpCodes/g_c5_505_html.o
 .bss           0x0000000000000000        0x0 bin/mbed_ethernet/gen/apps/httpCodes/g_c5_505_html.o
 .text          0x0000000000000000        0x0 bin/mbed_ethernet/gen/apps/httpCodes/g_c5_404_html.o
 .data          0x0000000000000000        0x0 bin/mbed_ethernet/gen/apps/httpCodes/g_c5_404_html.o
 .bss           0x0000000000000000        0x0 bin/mbed_ethernet/gen/apps/httpCodes/g_c5_404_html.o
 .text          0x0000000000000000        0x0 bin/mbed_ethernet/gen/apps/tetris/g_c5_style_css.o
 .data          0x0000000000000000        0x0 bin/mbed_ethernet/gen/apps/tetris/g_c5_style_css.o
 .bss           0x0000000000000000        0x0 bin/mbed_ethernet/gen/apps/tetris/g_c5_style_css.o
 .text          0x0000000000000000        0x0 bin/mbed_ethernet/gen/apps/tetris/js/g_c5_controller_js.o
 .data          0x0000000000000000        0x0 bin/mbed_ethernet/gen/apps/tetris/js/g_c5_controller_js.o
 .bss           0x0000000000000000        0x0 bin/mbed_ethernet/gen/apps/tetris/js/g_c5_controller_js.o
 .text          0x0000000000000000        0x0 bin/mbed_ethernet/gen/apps/tetris/sound/g_c5_pop_ogg.o
 .data          0x0000000000000000        0x0 bin/mbed_ethernet/gen/apps/tetris/sound/g_c5_pop_ogg.o
 .bss           0x0000000000000000        0x0 bin/mbed_ethernet/gen/apps/tetris/sound/g_c5_pop_ogg.o
 .text          0x0000000000000000        0x0 bin/mbed_ethernet/gen/apps/tetris/js/g_c5_render_js.o
 .data          0x0000000000000000        0x0 bin/mbed_ethernet/gen/apps/tetris/js/g_c5_render_js.o
 .bss           0x0000000000000000        0x0 bin/mbed_ethernet/gen/apps/tetris/js/g_c5_render_js.o
 .text          0x0000000000000000        0x0 bin/mbed_ethernet/gen/apps/tetris/g_c5_funct_js.o
 .data          0x0000000000000000        0x0 bin/mbed_ethernet/gen/apps/tetris/g_c5_funct_js.o
 .bss           0x0000000000000000        0x0 bin/mbed_ethernet/gen/apps/tetris/g_c5_funct_js.o
 .text          0x0000000000000000        0x0 bin/mbed_ethernet/gen/resources_index.o
 .data          0x0000000000000000        0x0 bin/mbed_ethernet/gen/resources_index.o
 .bss           0x0000000000000000        0x0 bin/mbed_ethernet/gen/resources_index.o
 .text          0x0000000000000000        0x0 /tmp/moyart/PJE/smews/targets/mbed_ethernet/rflpc/rflpc17xx/librflpc17xx.a(init.o)
 .data          0x0000000000000000        0x0 /tmp/moyart/PJE/smews/targets/mbed_ethernet/rflpc/rflpc17xx/librflpc17xx.a(init.o)
 .bss           0x0000000000000000        0x0 /tmp/moyart/PJE/smews/targets/mbed_ethernet/rflpc/rflpc17xx/librflpc17xx.a(init.o)
 .text          0x0000000000000000        0x0 /tmp/moyart/PJE/smews/targets/mbed_ethernet/rflpc/rflpc17xx/librflpc17xx.a(clock.o)
 .data          0x0000000000000000        0x0 /tmp/moyart/PJE/smews/targets/mbed_ethernet/rflpc/rflpc17xx/librflpc17xx.a(clock.o)
 .bss           0x0000000000000000        0x0 /tmp/moyart/PJE/smews/targets/mbed_ethernet/rflpc/rflpc17xx/librflpc17xx.a(clock.o)
 .text          0x0000000000000000        0x0 /tmp/moyart/PJE/smews/targets/mbed_ethernet/rflpc/rflpc17xx/librflpc17xx.a(interrupt.o)
 .data          0x0000000000000000        0x0 /tmp/moyart/PJE/smews/targets/mbed_ethernet/rflpc/rflpc17xx/librflpc17xx.a(interrupt.o)
 .bss           0x0000000000000000        0x0 /tmp/moyart/PJE/smews/targets/mbed_ethernet/rflpc/rflpc17xx/librflpc17xx.a(interrupt.o)
 .text          0x0000000000000000        0x0 /tmp/moyart/PJE/smews/targets/mbed_ethernet/rflpc/rflpc17xx/librflpc17xx.a(pinconf.o)
 .data          0x0000000000000000        0x0 /tmp/moyart/PJE/smews/targets/mbed_ethernet/rflpc/rflpc17xx/librflpc17xx.a(pinconf.o)
 .bss           0x0000000000000000        0x0 /tmp/moyart/PJE/smews/targets/mbed_ethernet/rflpc/rflpc17xx/librflpc17xx.a(pinconf.o)
 .text          0x0000000000000000        0x0 /tmp/moyart/PJE/smews/targets/mbed_ethernet/rflpc/rflpc17xx/librflpc17xx.a(iap.o)
 .data          0x0000000000000000        0x0 /tmp/moyart/PJE/smews/targets/mbed_ethernet/rflpc/rflpc17xx/librflpc17xx.a(iap.o)
 .bss           0x0000000000000000        0x0 /tmp/moyart/PJE/smews/targets/mbed_ethernet/rflpc/rflpc17xx/librflpc17xx.a(iap.o)
 .text.rflpc_iap_prepare_sectors_for_writing
                0x0000000000000000       0x28 /tmp/moyart/PJE/smews/targets/mbed_ethernet/rflpc/rflpc17xx/librflpc17xx.a(iap.o)
 .text.rflpc_iap_erase_sectors
                0x0000000000000000       0x40 /tmp/moyart/PJE/smews/targets/mbed_ethernet/rflpc/rflpc17xx/librflpc17xx.a(iap.o)
 .text.rflpc_iap_copy_ram_to_flash
                0x0000000000000000       0x40 /tmp/moyart/PJE/smews/targets/mbed_ethernet/rflpc/rflpc17xx/librflpc17xx.a(iap.o)
 .text.rflpc_iap_get_sector_from_address
                0x0000000000000000       0x14 /tmp/moyart/PJE/smews/targets/mbed_ethernet/rflpc/rflpc17xx/librflpc17xx.a(iap.o)
 .text.rflpc_iap_get_address_from_sector
                0x0000000000000000       0x10 /tmp/moyart/PJE/smews/targets/mbed_ethernet/rflpc/rflpc17xx/librflpc17xx.a(iap.o)
 .text.rflpc_iap_write_buffer_to_sector
                0x0000000000000000       0x48 /tmp/moyart/PJE/smews/targets/mbed_ethernet/rflpc/rflpc17xx/librflpc17xx.a(iap.o)
 .text.rflpc_iap_write_to_sector
                0x0000000000000000       0x64 /tmp/moyart/PJE/smews/targets/mbed_ethernet/rflpc/rflpc17xx/librflpc17xx.a(iap.o)
 .text.rflpc_iap_write_buffer
                0x0000000000000000       0x98 /tmp/moyart/PJE/smews/targets/mbed_ethernet/rflpc/rflpc17xx/librflpc17xx.a(iap.o)
 .text.rflpc_iap_transfert_4ks_to_32k
                0x0000000000000000       0xc8 /tmp/moyart/PJE/smews/targets/mbed_ethernet/rflpc/rflpc17xx/librflpc17xx.a(iap.o)
 COMMON         0x0000000000000000     0x1000 /tmp/moyart/PJE/smews/targets/mbed_ethernet/rflpc/rflpc17xx/librflpc17xx.a(iap.o)
 .text          0x0000000000000000        0x0 /tmp/moyart/PJE/smews/targets/mbed_ethernet/rflpc/rflpc17xx/librflpc17xx.a(uart.o)
 .data          0x0000000000000000        0x0 /tmp/moyart/PJE/smews/targets/mbed_ethernet/rflpc/rflpc17xx/librflpc17xx.a(uart.o)
 .bss           0x0000000000000000        0x0 /tmp/moyart/PJE/smews/targets/mbed_ethernet/rflpc/rflpc17xx/librflpc17xx.a(uart.o)
 .text.rflpc_uart_byte_available
                0x0000000000000000       0x14 /tmp/moyart/PJE/smews/targets/mbed_ethernet/rflpc/rflpc17xx/librflpc17xx.a(uart.o)
 .text          0x0000000000000000        0x0 /tmp/moyart/PJE/smews/targets/mbed_ethernet/rflpc/rflpc17xx/librflpc17xx.a(ethernet.o)
 .data          0x0000000000000000        0x0 /tmp/moyart/PJE/smews/targets/mbed_ethernet/rflpc/rflpc17xx/librflpc17xx.a(ethernet.o)
 .bss           0x0000000000000000        0x0 /tmp/moyart/PJE/smews/targets/mbed_ethernet/rflpc/rflpc17xx/librflpc17xx.a(ethernet.o)
 .text.rflpc_eth_set_link_mode
                0x0000000000000000       0x98 /tmp/moyart/PJE/smews/targets/mbed_ethernet/rflpc/rflpc17xx/librflpc17xx.a(ethernet.o)
 .text.rflpc_eth_get_link_mode
                0x0000000000000000       0x34 /tmp/moyart/PJE/smews/targets/mbed_ethernet/rflpc/rflpc17xx/librflpc17xx.a(ethernet.o)
 .text.rflpc_eth_link_auto_negociate
                0x0000000000000000       0xec /tmp/moyart/PJE/smews/targets/mbed_ethernet/rflpc/rflpc17xx/librflpc17xx.a(ethernet.o)
 .text.rflpc_eth_get_mac_address
                0x0000000000000000       0x24 /tmp/moyart/PJE/smews/targets/mbed_ethernet/rflpc/rflpc17xx/librflpc17xx.a(ethernet.o)
 .text.rflpc_eth_dump_internals
                0x0000000000000000      0x130 /tmp/moyart/PJE/smews/targets/mbed_ethernet/rflpc/rflpc17xx/librflpc17xx.a(ethernet.o)
 .rodata.str1.4
                0x0000000000000000      0x170 /tmp/moyart/PJE/smews/targets/mbed_ethernet/rflpc/rflpc17xx/librflpc17xx.a(ethernet.o)
 .text          0x0000000000000000        0x0 /tmp/moyart/PJE/smews/targets/mbed_ethernet/rflpc/rflpc17xx/librflpc17xx.a(gpio.o)
 .data          0x0000000000000000        0x0 /tmp/moyart/PJE/smews/targets/mbed_ethernet/rflpc/rflpc17xx/librflpc17xx.a(gpio.o)
 .bss           0x0000000000000000        0x0 /tmp/moyart/PJE/smews/targets/mbed_ethernet/rflpc/rflpc17xx/librflpc17xx.a(gpio.o)
 .text.rflpc_gpio_set_pin_mode_input
                0x0000000000000000       0x28 /tmp/moyart/PJE/smews/targets/mbed_ethernet/rflpc/rflpc17xx/librflpc17xx.a(gpio.o)
 .text.rflpc_gpio_clr_pins_from_mask
                0x0000000000000000       0x1c /tmp/moyart/PJE/smews/targets/mbed_ethernet/rflpc/rflpc17xx/librflpc17xx.a(gpio.o)
 .text.rflpc_gpio_get_val
                0x0000000000000000       0x18 /tmp/moyart/PJE/smews/targets/mbed_ethernet/rflpc/rflpc17xx/librflpc17xx.a(gpio.o)
 .text          0x0000000000000000        0x0 /tmp/moyart/PJE/smews/targets/mbed_ethernet/rflpc/rflpc17xx/librflpc17xx.a(dma.o)
 .data          0x0000000000000000        0x0 /tmp/moyart/PJE/smews/targets/mbed_ethernet/rflpc/rflpc17xx/librflpc17xx.a(dma.o)
 .bss           0x0000000000000000        0x0 /tmp/moyart/PJE/smews/targets/mbed_ethernet/rflpc/rflpc17xx/librflpc17xx.a(dma.o)
 .text          0x0000000000000000        0x0 /tmp/moyart/PJE/smews/targets/mbed_ethernet/rflpc/rflpc17xx/librflpc17xx.a(timer.o)
 .data          0x0000000000000000        0x0 /tmp/moyart/PJE/smews/targets/mbed_ethernet/rflpc/rflpc17xx/librflpc17xx.a(timer.o)
 .bss           0x0000000000000000        0x0 /tmp/moyart/PJE/smews/targets/mbed_ethernet/rflpc/rflpc17xx/librflpc17xx.a(timer.o)
 .text.rflpc_timer_disable
                0x0000000000000000       0x40 /tmp/moyart/PJE/smews/targets/mbed_ethernet/rflpc/rflpc17xx/librflpc17xx.a(timer.o)
 .text.rflpc_timer_set_callback
                0x0000000000000000       0x28 /tmp/moyart/PJE/smews/targets/mbed_ethernet/rflpc/rflpc17xx/librflpc17xx.a(timer.o)
 .text.rflpc_timer_running
                0x0000000000000000       0x10 /tmp/moyart/PJE/smews/targets/mbed_ethernet/rflpc/rflpc17xx/librflpc17xx.a(timer.o)
 .text.rflpc_timer_stop
                0x0000000000000000       0x10 /tmp/moyart/PJE/smews/targets/mbed_ethernet/rflpc/rflpc17xx/librflpc17xx.a(timer.o)
 .text.rflpc_timer_reset
                0x0000000000000000       0x18 /tmp/moyart/PJE/smews/targets/mbed_ethernet/rflpc/rflpc17xx/librflpc17xx.a(timer.o)
 .text.rflpc_timer_get_pre_scale_counter
                0x0000000000000000        0xc /tmp/moyart/PJE/smews/targets/mbed_ethernet/rflpc/rflpc17xx/librflpc17xx.a(timer.o)
 .text.rflpc_timer_get_pre_scale_register
                0x0000000000000000        0xc /tmp/moyart/PJE/smews/targets/mbed_ethernet/rflpc/rflpc17xx/librflpc17xx.a(timer.o)
 .text.rflpc_timer_set_counter
                0x0000000000000000        0xc /tmp/moyart/PJE/smews/targets/mbed_ethernet/rflpc/rflpc17xx/librflpc17xx.a(timer.o)
 .text.rflpc_timer_set_pre_scale_counter
                0x0000000000000000        0xc /tmp/moyart/PJE/smews/targets/mbed_ethernet/rflpc/rflpc17xx/librflpc17xx.a(timer.o)
 .text.rflpc_timer_set_match_value
                0x0000000000000000       0x14 /tmp/moyart/PJE/smews/targets/mbed_ethernet/rflpc/rflpc17xx/librflpc17xx.a(timer.o)
 .text.rflpc_timer_set_irq_on_match
                0x0000000000000000       0x28 /tmp/moyart/PJE/smews/targets/mbed_ethernet/rflpc/rflpc17xx/librflpc17xx.a(timer.o)
 .text.rflpc_timer_reset_irq
                0x0000000000000000       0x18 /tmp/moyart/PJE/smews/targets/mbed_ethernet/rflpc/rflpc17xx/librflpc17xx.a(timer.o)
 .text.rflpc_timer_test_irq
                0x0000000000000000       0x14 /tmp/moyart/PJE/smews/targets/mbed_ethernet/rflpc/rflpc17xx/librflpc17xx.a(timer.o)
 .text          0x0000000000000000        0x0 /tmp/moyart/PJE/smews/targets/mbed_ethernet/rflpc/rflpc17xx/librflpc17xx.a(core_cm3.o)
 .data          0x0000000000000000        0x0 /tmp/moyart/PJE/smews/targets/mbed_ethernet/rflpc/rflpc17xx/librflpc17xx.a(core_cm3.o)
 .bss           0x0000000000000000        0x0 /tmp/moyart/PJE/smews/targets/mbed_ethernet/rflpc/rflpc17xx/librflpc17xx.a(core_cm3.o)
 .text.__get_PSP
                0x0000000000000000        0x8 /tmp/moyart/PJE/smews/targets/mbed_ethernet/rflpc/rflpc17xx/librflpc17xx.a(core_cm3.o)
 .text.__set_PSP
                0x0000000000000000        0x8 /tmp/moyart/PJE/smews/targets/mbed_ethernet/rflpc/rflpc17xx/librflpc17xx.a(core_cm3.o)
 .text.__get_BASEPRI
                0x0000000000000000        0x8 /tmp/moyart/PJE/smews/targets/mbed_ethernet/rflpc/rflpc17xx/librflpc17xx.a(core_cm3.o)
 .text.__set_BASEPRI
                0x0000000000000000        0x8 /tmp/moyart/PJE/smews/targets/mbed_ethernet/rflpc/rflpc17xx/librflpc17xx.a(core_cm3.o)
 .text.__get_PRIMASK
                0x0000000000000000        0x8 /tmp/moyart/PJE/smews/targets/mbed_ethernet/rflpc/rflpc17xx/librflpc17xx.a(core_cm3.o)
 .text.__set_PRIMASK
                0x0000000000000000        0x8 /tmp/moyart/PJE/smews/targets/mbed_ethernet/rflpc/rflpc17xx/librflpc17xx.a(core_cm3.o)
 .text.__get_FAULTMASK
                0x0000000000000000        0x8 /tmp/moyart/PJE/smews/targets/mbed_ethernet/rflpc/rflpc17xx/librflpc17xx.a(core_cm3.o)
 .text.__set_FAULTMASK
                0x0000000000000000        0x8 /tmp/moyart/PJE/smews/targets/mbed_ethernet/rflpc/rflpc17xx/librflpc17xx.a(core_cm3.o)
 .text.__get_CONTROL
                0x0000000000000000        0x8 /tmp/moyart/PJE/smews/targets/mbed_ethernet/rflpc/rflpc17xx/librflpc17xx.a(core_cm3.o)
 .text.__set_CONTROL
                0x0000000000000000        0x8 /tmp/moyart/PJE/smews/targets/mbed_ethernet/rflpc/rflpc17xx/librflpc17xx.a(core_cm3.o)
 .text.__REV    0x0000000000000000        0x4 /tmp/moyart/PJE/smews/targets/mbed_ethernet/rflpc/rflpc17xx/librflpc17xx.a(core_cm3.o)
 .text.__REV16  0x0000000000000000        0x4 /tmp/moyart/PJE/smews/targets/mbed_ethernet/rflpc/rflpc17xx/librflpc17xx.a(core_cm3.o)
 .text.__REVSH  0x0000000000000000        0x4 /tmp/moyart/PJE/smews/targets/mbed_ethernet/rflpc/rflpc17xx/librflpc17xx.a(core_cm3.o)
 .text.__RBIT   0x0000000000000000        0x8 /tmp/moyart/PJE/smews/targets/mbed_ethernet/rflpc/rflpc17xx/librflpc17xx.a(core_cm3.o)
 .text.__LDREXB
                0x0000000000000000        0x8 /tmp/moyart/PJE/smews/targets/mbed_ethernet/rflpc/rflpc17xx/librflpc17xx.a(core_cm3.o)
 .text.__LDREXH
                0x0000000000000000        0x8 /tmp/moyart/PJE/smews/targets/mbed_ethernet/rflpc/rflpc17xx/librflpc17xx.a(core_cm3.o)
 .text.__LDREXW
                0x0000000000000000        0x8 /tmp/moyart/PJE/smews/targets/mbed_ethernet/rflpc/rflpc17xx/librflpc17xx.a(core_cm3.o)
 .text.__STREXB
                0x0000000000000000        0x8 /tmp/moyart/PJE/smews/targets/mbed_ethernet/rflpc/rflpc17xx/librflpc17xx.a(core_cm3.o)
 .text.__STREXH
                0x0000000000000000        0x8 /tmp/moyart/PJE/smews/targets/mbed_ethernet/rflpc/rflpc17xx/librflpc17xx.a(core_cm3.o)
 .text.__STREXW
                0x0000000000000000        0x8 /tmp/moyart/PJE/smews/targets/mbed_ethernet/rflpc/rflpc17xx/librflpc17xx.a(core_cm3.o)
 .text          0x0000000000000000        0x0 /tmp/moyart/PJE/smews/targets/mbed_ethernet/rflpc/rflpc17xx/librflpc17xx.a(printf.o)
 .data          0x0000000000000000        0x0 /tmp/moyart/PJE/smews/targets/mbed_ethernet/rflpc/rflpc17xx/librflpc17xx.a(printf.o)
 .bss           0x0000000000000000        0x0 /tmp/moyart/PJE/smews/targets/mbed_ethernet/rflpc/rflpc17xx/librflpc17xx.a(printf.o)
 .text.rflpc_printf_set_putchar
                0x0000000000000000        0xc /tmp/moyart/PJE/smews/targets/mbed_ethernet/rflpc/rflpc17xx/librflpc17xx.a(printf.o)
 .text          0x0000000000000000        0x0 /tmp/moyart/PJE/smews/targets/mbed_ethernet/rflpc/rflpc17xx/librflpc17xx.a(memcpy.o)
 .data          0x0000000000000000        0x0 /tmp/moyart/PJE/smews/targets/mbed_ethernet/rflpc/rflpc17xx/librflpc17xx.a(memcpy.o)
 .bss           0x0000000000000000        0x0 /tmp/moyart/PJE/smews/targets/mbed_ethernet/rflpc/rflpc17xx/librflpc17xx.a(memcpy.o)
 .text          0x0000000000000000        0x0 /tmp/moyart/PJE/smews/targets/mbed_ethernet/rflpc/rflpc17xx/librflpc17xx.a(rand.o)
 .data          0x0000000000000000        0x0 /tmp/moyart/PJE/smews/targets/mbed_ethernet/rflpc/rflpc17xx/librflpc17xx.a(rand.o)
 .bss           0x0000000000000000        0x0 /tmp/moyart/PJE/smews/targets/mbed_ethernet/rflpc/rflpc17xx/librflpc17xx.a(rand.o)
 .text.rand_r   0x0000000000000000       0x34 /tmp/moyart/PJE/smews/targets/mbed_ethernet/rflpc/rflpc17xx/librflpc17xx.a(rand.o)
 .text.rand     0x0000000000000000       0x10 /tmp/moyart/PJE/smews/targets/mbed_ethernet/rflpc/rflpc17xx/librflpc17xx.a(rand.o)
 .text          0x0000000000000000        0x0 /tmp/moyart/PJE/smews/targets/mbed_ethernet/rflpc/rflpc17xx/librflpc17xx.a(memset.o)
 .data          0x0000000000000000        0x0 /tmp/moyart/PJE/smews/targets/mbed_ethernet/rflpc/rflpc17xx/librflpc17xx.a(memset.o)
 .bss           0x0000000000000000        0x0 /tmp/moyart/PJE/smews/targets/mbed_ethernet/rflpc/rflpc17xx/librflpc17xx.a(memset.o)

Memory Configuration

Name             Origin             Length             Attributes
flash            0x0000000000000000 0x0000000000080000 xr
ram              0x0000000010000000 0x0000000000008000 xrw
out_ram          0x000000002007c000 0x0000000000008000 xrw
*default*        0x0000000000000000 0xffffffffffffffff

Linker script and memory map

                0x0000000000000000                . = 0x0

.text           0x0000000000000000     0x8dac
                0x0000000000000000                _interrupt_start = .
 *(.interrupt_vector)
 .interrupt_vector
                0x0000000000000000       0xc4 /tmp/moyart/PJE/smews/targets/mbed_ethernet/rflpc/rflpc17xx/librflpc17xx.a(init.o)
                0x0000000000000000                _rom_interrupts
                0x00000000000000c4                _interrupt_end = .
 *(.text*)
 .text.proto_eth_demangle
                0x00000000000000c4       0x40 bin/mbed_ethernet/drivers/ethernet.o
                0x00000000000000c4                proto_eth_demangle
 .text.proto_eth_mangle
                0x0000000000000104       0x3c bin/mbed_ethernet/drivers/ethernet.o
                0x0000000000000104                proto_eth_mangle
 .text.proto_eth_addr_equal
                0x0000000000000140       0x4c bin/mbed_ethernet/drivers/ethernet.o
                0x0000000000000140                proto_eth_addr_equal
 .text.proto_eth_addr_is_multicast
                0x000000000000018c        0x8 bin/mbed_ethernet/drivers/ethernet.o
                0x000000000000018c                proto_eth_addr_is_multicast
 .text.mbed_eth_get_byte
                0x0000000000000194       0xac bin/mbed_ethernet/drivers/eth_input.o
                0x0000000000000194                mbed_eth_get_byte
 .text.mbed_eth_byte_available
                0x0000000000000240       0x30 bin/mbed_ethernet/drivers/eth_input.o
                0x0000000000000240                mbed_eth_byte_available
 .text.mbed_process_input
                0x0000000000000270       0xc8 bin/mbed_ethernet/drivers/eth_input.o
                0x0000000000000270                mbed_process_input
 .text.mbed_eth_fill_header
                0x0000000000000338       0x80 bin/mbed_ethernet/drivers/eth_output.o
                0x0000000000000338                mbed_eth_fill_header
 .text.mbed_eth_prepare_fragment
                0x00000000000003b8       0xb8 bin/mbed_ethernet/drivers/eth_output.o
                0x00000000000003b8                mbed_eth_prepare_fragment
 .text.mbed_eth_prepare_output
                0x0000000000000470       0x28 bin/mbed_ethernet/drivers/eth_output.o
                0x0000000000000470                mbed_eth_prepare_output
 .text.mbed_eth_put_byte
                0x0000000000000498       0x18 bin/mbed_ethernet/drivers/eth_output.o
                0x0000000000000498                mbed_eth_put_byte
 .text.mbed_eth_put_nbytes
                0x00000000000004b0       0x60 bin/mbed_ethernet/drivers/eth_output.o
                0x00000000000004b0                mbed_eth_put_nbytes
 .text.mbed_eth_output_done
                0x0000000000000510       0xa8 bin/mbed_ethernet/drivers/eth_output.o
                0x0000000000000510                mbed_eth_output_done
 .text.mbed_eth_is_releasable_buffer
                0x00000000000005b8       0x30 bin/mbed_ethernet/drivers/out_buffers.o
                0x00000000000005b8                mbed_eth_is_releasable_buffer
 .text.mbed_eth_init_tx_buffers
                0x00000000000005e8       0x1c bin/mbed_ethernet/drivers/out_buffers.o
                0x00000000000005e8                mbed_eth_init_tx_buffers
 .text.mbed_eth_get_tx_buffer
                0x0000000000000604       0x3c bin/mbed_ethernet/drivers/out_buffers.o
                0x0000000000000604                mbed_eth_get_tx_buffer
 .text.mbed_eth_release_tx_buffer
                0x0000000000000640        0x8 bin/mbed_ethernet/drivers/out_buffers.o
                0x0000000000000640                mbed_eth_release_tx_buffer
 .text._uart_irq
                0x0000000000000648       0x18 bin/mbed_ethernet/drivers/hardware.o
                0x0000000000000648                _uart_irq
 .text.mbed_eth_garbage_tx_buffers
                0x0000000000000660       0x5c bin/mbed_ethernet/drivers/hardware.o
                0x0000000000000660                mbed_eth_garbage_tx_buffers
 .text._eth_irq_handler
                0x00000000000006bc       0xa4 bin/mbed_ethernet/drivers/hardware.o
                0x00000000000006bc                _eth_irq_handler
 .text.mbed_auto_set_mac
                0x0000000000000760       0x2c bin/mbed_ethernet/drivers/hardware.o
                0x0000000000000760                mbed_auto_set_mac
 .text.mbed_display_ip
                0x000000000000078c       0x20 bin/mbed_ethernet/drivers/hardware.o
                0x000000000000078c                mbed_display_ip
 .text.mbed_display_mac
                0x00000000000007ac       0x2c bin/mbed_ethernet/drivers/hardware.o
                0x00000000000007ac                mbed_display_mac
 .text.mbed_init_timer
                0x00000000000007d8       0x30 bin/mbed_ethernet/drivers/hardware.o
                0x00000000000007d8                mbed_init_timer
 .text.mbed_print_configuration
                0x0000000000000808       0x18 bin/mbed_ethernet/drivers/hardware.o
                0x0000000000000808                mbed_print_configuration
 .text.mbed_print_motd
                0x0000000000000820      0x130 bin/mbed_ethernet/drivers/hardware.o
                0x0000000000000820                mbed_print_motd
 .text.mbed_configure_eth
                0x0000000000000950       0xf8 bin/mbed_ethernet/drivers/hardware.o
                0x0000000000000950                mbed_configure_eth
 .text.mbed_eth_hardware_init
                0x0000000000000a48       0x48 bin/mbed_ethernet/drivers/hardware.o
                0x0000000000000a48                mbed_eth_hardware_init
 .text.proto_ip_get_src
                0x0000000000000a90       0x20 bin/mbed_ethernet/drivers/ip.o
                0x0000000000000a90                proto_ip_get_src
 .text.proto_ip_get_size
                0x0000000000000ab0        0xc bin/mbed_ethernet/drivers/ip.o
                0x0000000000000ab0                proto_ip_get_size
 .text.proto_arp_demangle
                0x0000000000000abc       0x98 bin/mbed_ethernet/drivers/arp.o
                0x0000000000000abc                proto_arp_demangle
 .text.proto_arp_mangle
                0x0000000000000b54       0x7c bin/mbed_ethernet/drivers/arp.o
                0x0000000000000b54                proto_arp_mangle
 .text.mbed_process_arp
                0x0000000000000bd0      0x180 bin/mbed_ethernet/drivers/arp.o
                0x0000000000000bd0                mbed_process_arp
 .text.dev_put16_val
                0x0000000000000d50       0x14 bin/mbed_ethernet/core/output.o
 .text.dev_put32
                0x0000000000000d64       0x20 bin/mbed_ethernet/core/output.o
 .text.out_c    0x0000000000000d84       0x40 bin/mbed_ethernet/core/output.o
                0x0000000000000d84                out_c
 .text.smews_send_packet
                0x0000000000000dc4      0x4f8 bin/mbed_ethernet/core/output.o
                0x0000000000000dc4                smews_send_packet
 .text.smews_send
                0x00000000000012bc      0x5a0 bin/mbed_ethernet/core/output.o
                0x00000000000012bc                smews_send
 .text.main     0x000000000000185c       0x60 bin/mbed_ethernet/core/main.o
                0x000000000000185c                main
 .text.cr_init  0x00000000000018bc       0x20 bin/mbed_ethernet/core/coroutines.o
                0x00000000000018bc                cr_init
 .text.cr_run   0x00000000000018dc       0x94 bin/mbed_ethernet/core/coroutines.o
                0x00000000000018dc                cr_run
 .text.cr_prepare
                0x0000000000001970       0x74 bin/mbed_ethernet/core/coroutines.o
                0x0000000000001970                cr_prepare
 .text.cr_clean
                0x00000000000019e4       0x24 bin/mbed_ethernet/core/coroutines.o
                0x00000000000019e4                cr_clean
 .text.if_select
                0x0000000000001a08       0x18 bin/mbed_ethernet/core/coroutines.o
                0x0000000000001a08                if_select
 .text.context_backup
                0x0000000000001a20       0xa0 bin/mbed_ethernet/core/coroutines.o
                0x0000000000001a20                context_backup
 .text.context_restore
                0x0000000000001ac0       0x30 bin/mbed_ethernet/core/coroutines.o
                0x0000000000001ac0                context_restore
 .text.dev_get16
                0x0000000000001af0       0x28 bin/mbed_ethernet/core/input.o
 .text.dev_get32
                0x0000000000001b18       0x14 bin/mbed_ethernet/core/input.o
 .text.smews_gpip_get_output_handler
                0x0000000000001b2c       0x3c bin/mbed_ethernet/core/input.o
                0x0000000000001b2c                smews_gpip_get_output_handler
 .text.smews_receive
                0x0000000000001b68     0x12c4 bin/mbed_ethernet/core/input.o
                0x0000000000001b68                smews_receive
 .text.server_push
                0x0000000000002e2c       0x4c bin/mbed_ethernet/core/generators.o
                0x0000000000002e2c                server_push
 .text.out_uint
                0x0000000000002e78       0x50 bin/mbed_ethernet/core/generators.o
                0x0000000000002e78                out_uint
 .text.something_to_send
                0x0000000000002ec8       0x54 bin/mbed_ethernet/core/connections.o
                0x0000000000002ec8                something_to_send
 .text.add_connection
                0x0000000000002f1c       0x50 bin/mbed_ethernet/core/connections.o
                0x0000000000002f1c                add_connection
 .text.free_connection
                0x0000000000002f6c       0x5c bin/mbed_ethernet/core/connections.o
                0x0000000000002f6c                free_connection
 .text.get_current_remote_ip
                0x0000000000002fc8       0x20 bin/mbed_ethernet/core/connections.o
                0x0000000000002fc8                get_current_remote_ip
 .text.clean_service
                0x0000000000002fe8       0x80 bin/mbed_ethernet/core/service.o
                0x0000000000002fe8                clean_service
 .text.set_timer
                0x0000000000003068       0x30 bin/mbed_ethernet/core/timers.o
                0x0000000000003068                set_timer
 .text.smews_timers
                0x0000000000003098       0x40 bin/mbed_ethernet/core/timers.o
                0x0000000000003098                smews_timers
 .text.mem_reset
                0x00000000000030d8       0x18 bin/mbed_ethernet/core/memory.o
                0x00000000000030d8                mem_reset
 .text.mem_alloc
                0x00000000000030f0       0x98 bin/mbed_ethernet/core/memory.o
                0x00000000000030f0                mem_alloc
 .text.mem_free
                0x0000000000003188       0x84 bin/mbed_ethernet/core/memory.o
                0x0000000000003188                mem_free
 .text.mem_realloc
                0x000000000000320c       0x3c bin/mbed_ethernet/core/memory.o
                0x000000000000320c                mem_realloc
 .text.checksum_init
                0x0000000000003248       0x20 bin/mbed_ethernet/core/checksum.o
                0x0000000000003248                checksum_init
 .text.checksum_add
                0x0000000000003268       0x30 bin/mbed_ethernet/core/checksum.o
                0x0000000000003268                checksum_add
 .text.checksum_add16
                0x0000000000003298       0x30 bin/mbed_ethernet/core/checksum.o
                0x0000000000003298                checksum_add16
 .text.checksum_add32
                0x00000000000032c8       0x38 bin/mbed_ethernet/core/checksum.o
                0x00000000000032c8                checksum_add32
 .text.checksum_end
                0x0000000000003300       0x20 bin/mbed_ethernet/core/checksum.o
                0x0000000000003300                checksum_end
 .text.add_link_layer_address
                0x0000000000003320       0x88 bin/mbed_ethernet/core/link_layer_cache.o
                0x0000000000003320                add_link_layer_address
 .text.get_link_layer_address
                0x00000000000033a8       0x44 bin/mbed_ethernet/core/link_layer_cache.o
                0x00000000000033a8                get_link_layer_address
 .text.smews_retransmit
                0x00000000000033ec       0x50 bin/mbed_ethernet/core/smews.o
                0x00000000000033ec                smews_retransmit
 .text.initGet  0x000000000000343c       0x10 bin/mbed_ethernet/gen/apps/tetris/joystick.o
 .text.doGet    0x000000000000344c       0x14 bin/mbed_ethernet/gen/apps/tetris/joystick.o
 .text.timer    0x0000000000003460       0x8c bin/mbed_ethernet/gen/apps/tetris/joystick.o
 .text.init     0x00000000000034ec       0x6c bin/mbed_ethernet/gen/apps/tetris/joystick.o
 .text._init_stack
                0x0000000000003558       0x28 /tmp/moyart/PJE/smews/targets/mbed_ethernet/rflpc/rflpc17xx/librflpc17xx.a(init.o)
                0x0000000000003558                _init_stack
 .text._start   0x0000000000003580       0x64 /tmp/moyart/PJE/smews/targets/mbed_ethernet/rflpc/rflpc17xx/librflpc17xx.a(init.o)
                0x0000000000003580                _start
 .text.rflpc_clock_init
                0x00000000000035e4       0xe8 /tmp/moyart/PJE/smews/targets/mbed_ethernet/rflpc/rflpc17xx/librflpc17xx.a(clock.o)
                0x00000000000035e4                rflpc_clock_init
 .text.rflpc_clock_get_system_clock
                0x00000000000036cc        0xc /tmp/moyart/PJE/smews/targets/mbed_ethernet/rflpc/rflpc17xx/librflpc17xx.a(clock.o)
                0x00000000000036cc                rflpc_clock_get_system_clock
 .text._default_exception_handler
                0x00000000000036d8      0x2bc /tmp/moyart/PJE/smews/targets/mbed_ethernet/rflpc/rflpc17xx/librflpc17xx.a(interrupt.o)
                0x00000000000036d8                _default_exception_handler
 .text._default_peripheral_handler
                0x0000000000003994       0x30 /tmp/moyart/PJE/smews/targets/mbed_ethernet/rflpc/rflpc17xx/librflpc17xx.a(interrupt.o)
                0x0000000000003994                _default_peripheral_handler
 .text.rflpc_irq_init
                0x00000000000039c4       0x2c /tmp/moyart/PJE/smews/targets/mbed_ethernet/rflpc/rflpc17xx/librflpc17xx.a(interrupt.o)
                0x00000000000039c4                rflpc_irq_init
 .text.rflpc_irq_set_handler
                0x00000000000039f0       0x10 /tmp/moyart/PJE/smews/targets/mbed_ethernet/rflpc/rflpc17xx/librflpc17xx.a(interrupt.o)
                0x00000000000039f0                rflpc_irq_set_handler
 .text.rflpc_pin_set
                0x0000000000003a00       0xa0 /tmp/moyart/PJE/smews/targets/mbed_ethernet/rflpc/rflpc17xx/librflpc17xx.a(pinconf.o)
                0x0000000000003a00                rflpc_pin_set
 .text.rflpc_iap_get_serial_number
                0x0000000000003aa0       0x40 /tmp/moyart/PJE/smews/targets/mbed_ethernet/rflpc/rflpc17xx/librflpc17xx.a(iap.o)
                0x0000000000003aa0                rflpc_iap_get_serial_number
 .text.rflpc_uart_putchar
                0x0000000000003ae0       0x18 /tmp/moyart/PJE/smews/targets/mbed_ethernet/rflpc/rflpc17xx/librflpc17xx.a(uart.o)
                0x0000000000003ae0                rflpc_uart_putchar
 .text.rflpc_uart_getchar
                0x0000000000003af8       0x18 /tmp/moyart/PJE/smews/targets/mbed_ethernet/rflpc/rflpc17xx/librflpc17xx.a(uart.o)
                0x0000000000003af8                rflpc_uart_getchar
 .text.rflpc_uart_init_ex
                0x0000000000003b10       0xf8 /tmp/moyart/PJE/smews/targets/mbed_ethernet/rflpc/rflpc17xx/librflpc17xx.a(uart.o)
                0x0000000000003b10                rflpc_uart_init_ex
 .text.rflpc_uart_init
                0x0000000000003c08       0x18 /tmp/moyart/PJE/smews/targets/mbed_ethernet/rflpc/rflpc17xx/librflpc17xx.a(uart.o)
                0x0000000000003c08                rflpc_uart_init
 .text.rflpc_uart_set_rx_callback
                0x0000000000003c20       0x60 /tmp/moyart/PJE/smews/targets/mbed_ethernet/rflpc/rflpc17xx/librflpc17xx.a(uart.o)
                0x0000000000003c20                rflpc_uart_set_rx_callback
 .text._read_from_phy_register_with_addr
                0x0000000000003c80       0x2c /tmp/moyart/PJE/smews/targets/mbed_ethernet/rflpc/rflpc17xx/librflpc17xx.a(ethernet.o)
 .text.rflpc_eth_init
                0x0000000000003cac      0x144 /tmp/moyart/PJE/smews/targets/mbed_ethernet/rflpc/rflpc17xx/librflpc17xx.a(ethernet.o)
                0x0000000000003cac                rflpc_eth_init
 .text.rflpc_eth_link_state
                0x0000000000003df0       0x10 /tmp/moyart/PJE/smews/targets/mbed_ethernet/rflpc/rflpc17xx/librflpc17xx.a(ethernet.o)
                0x0000000000003df0                rflpc_eth_link_state
 .text.rflpc_eth_set_rx_base_addresses
                0x0000000000003e00       0x4c /tmp/moyart/PJE/smews/targets/mbed_ethernet/rflpc/rflpc17xx/librflpc17xx.a(ethernet.o)
                0x0000000000003e00                rflpc_eth_set_rx_base_addresses
 .text.rflpc_eth_set_tx_base_addresses
                0x0000000000003e4c       0x3c /tmp/moyart/PJE/smews/targets/mbed_ethernet/rflpc/rflpc17xx/librflpc17xx.a(ethernet.o)
                0x0000000000003e4c                rflpc_eth_set_tx_base_addresses
 .text.rflpc_eth_set_mac_address
                0x0000000000003e88       0x24 /tmp/moyart/PJE/smews/targets/mbed_ethernet/rflpc/rflpc17xx/librflpc17xx.a(ethernet.o)
                0x0000000000003e88                rflpc_eth_set_mac_address
 .text.rflpc_gpio_use_pin
                0x0000000000003eac       0x10 /tmp/moyart/PJE/smews/targets/mbed_ethernet/rflpc/rflpc17xx/librflpc17xx.a(gpio.o)
                0x0000000000003eac                rflpc_gpio_use_pin
 .text.rflpc_gpio_set_pin
                0x0000000000003ebc       0x24 /tmp/moyart/PJE/smews/targets/mbed_ethernet/rflpc/rflpc17xx/librflpc17xx.a(gpio.o)
                0x0000000000003ebc                rflpc_gpio_set_pin
 .text.rflpc_gpio_clr_pin
                0x0000000000003ee0       0x24 /tmp/moyart/PJE/smews/targets/mbed_ethernet/rflpc/rflpc17xx/librflpc17xx.a(gpio.o)
                0x0000000000003ee0                rflpc_gpio_clr_pin
 .text.rflpc_gpio_set_pins_from_mask
                0x0000000000003f04       0x1c /tmp/moyart/PJE/smews/targets/mbed_ethernet/rflpc/rflpc17xx/librflpc17xx.a(gpio.o)
                0x0000000000003f04                rflpc_gpio_set_pins_from_mask
 .text.rflpc_gpio_set_pin_val
                0x0000000000003f20       0x10 /tmp/moyart/PJE/smews/targets/mbed_ethernet/rflpc/rflpc17xx/librflpc17xx.a(gpio.o)
                0x0000000000003f20                rflpc_gpio_set_pin_val
 .text.rflpc_gpio_set_pin_mode_output
                0x0000000000003f30       0x34 /tmp/moyart/PJE/smews/targets/mbed_ethernet/rflpc/rflpc17xx/librflpc17xx.a(gpio.o)
                0x0000000000003f30                rflpc_gpio_set_pin_mode_output
 .text.rflpc_gpio_set_val
                0x0000000000003f64       0x14 /tmp/moyart/PJE/smews/targets/mbed_ethernet/rflpc/rflpc17xx/librflpc17xx.a(gpio.o)
                0x0000000000003f64                rflpc_gpio_set_val
 .text.rflpc_gpio_get_pin
                0x0000000000003f78       0x24 /tmp/moyart/PJE/smews/targets/mbed_ethernet/rflpc/rflpc17xx/librflpc17xx.a(gpio.o)
                0x0000000000003f78                rflpc_gpio_get_pin
 .text.rflpc_dma_get_chan
                0x0000000000003f9c       0x54 /tmp/moyart/PJE/smews/targets/mbed_ethernet/rflpc/rflpc17xx/librflpc17xx.a(dma.o)
 .text.rflpc_dma_init
                0x0000000000003ff0       0x20 /tmp/moyart/PJE/smews/targets/mbed_ethernet/rflpc/rflpc17xx/librflpc17xx.a(dma.o)
                0x0000000000003ff0                rflpc_dma_init
 .text.rflpc_dma_channel_ready
                0x0000000000004010       0x18 /tmp/moyart/PJE/smews/targets/mbed_ethernet/rflpc/rflpc17xx/librflpc17xx.a(dma.o)
                0x0000000000004010                rflpc_dma_channel_ready
 .text.rflpc_dma_start
                0x0000000000004028       0x74 /tmp/moyart/PJE/smews/targets/mbed_ethernet/rflpc/rflpc17xx/librflpc17xx.a(dma.o)
                0x0000000000004028                rflpc_dma_start
 .text.rflpc_timer_base
                0x000000000000409c       0x38 /tmp/moyart/PJE/smews/targets/mbed_ethernet/rflpc/rflpc17xx/librflpc17xx.a(timer.o)
 .text.rflpc_timer_enable
                0x00000000000040d4       0x3c /tmp/moyart/PJE/smews/targets/mbed_ethernet/rflpc/rflpc17xx/librflpc17xx.a(timer.o)
                0x00000000000040d4                rflpc_timer_enable
 .text.rflpc_timer_set_clock
                0x0000000000004110       0x64 /tmp/moyart/PJE/smews/targets/mbed_ethernet/rflpc/rflpc17xx/librflpc17xx.a(timer.o)
                0x0000000000004110                rflpc_timer_set_clock
 .text.rflpc_timer_start
                0x0000000000004174       0x10 /tmp/moyart/PJE/smews/targets/mbed_ethernet/rflpc/rflpc17xx/librflpc17xx.a(timer.o)
                0x0000000000004174                rflpc_timer_start
 .text.rflpc_timer_get_counter
                0x0000000000004184        0xc /tmp/moyart/PJE/smews/targets/mbed_ethernet/rflpc/rflpc17xx/librflpc17xx.a(timer.o)
                0x0000000000004184                rflpc_timer_get_counter
 .text.rflpc_timer_set_pre_scale_register
                0x0000000000004190        0xc /tmp/moyart/PJE/smews/targets/mbed_ethernet/rflpc/rflpc17xx/librflpc17xx.a(timer.o)
                0x0000000000004190                rflpc_timer_set_pre_scale_register
 .text.__get_MSP
                0x000000000000419c        0x8 /tmp/moyart/PJE/smews/targets/mbed_ethernet/rflpc/rflpc17xx/librflpc17xx.a(core_cm3.o)
                0x000000000000419c                __get_MSP
 .text.__set_MSP
                0x00000000000041a4        0x8 /tmp/moyart/PJE/smews/targets/mbed_ethernet/rflpc/rflpc17xx/librflpc17xx.a(core_cm3.o)
                0x00000000000041a4                __set_MSP
 .text._rflpc_default_putchar
                0x00000000000041ac       0x10 /tmp/moyart/PJE/smews/targets/mbed_ethernet/rflpc/rflpc17xx/librflpc17xx.a(printf.o)
 .text.printf   0x00000000000041bc      0x2cc /tmp/moyart/PJE/smews/targets/mbed_ethernet/rflpc/rflpc17xx/librflpc17xx.a(printf.o)
                0x00000000000041bc                printf
 .text.rflpc_memcpy_unaligned_fast
                0x0000000000004488       0x8c /tmp/moyart/PJE/smews/targets/mbed_ethernet/rflpc/rflpc17xx/librflpc17xx.a(memcpy.o)
 .text.memcpy   0x0000000000004514       0xb4 /tmp/moyart/PJE/smews/targets/mbed_ethernet/rflpc/rflpc17xx/librflpc17xx.a(memcpy.o)
                0x0000000000004514                memcpy
 .text.srand    0x00000000000045c8        0xc /tmp/moyart/PJE/smews/targets/mbed_ethernet/rflpc/rflpc17xx/librflpc17xx.a(rand.o)
                0x00000000000045c8                srand
 .text.memset   0x00000000000045d4      0x104 /tmp/moyart/PJE/smews/targets/mbed_ethernet/rflpc/rflpc17xx/librflpc17xx.a(memset.o)
                0x00000000000045d4                memset
 *(.rodata*)
 .rodata.str1.4
                0x00000000000046d8       0x27 bin/mbed_ethernet/drivers/eth_input.o
                                         0x28 (size before relaxing)
 *fill*         0x00000000000046ff        0x1 
 .rodata.__FUNCTION__.5505
                0x0000000000004700       0x14 bin/mbed_ethernet/drivers/eth_input.o
 .rodata.str1.4
                0x0000000000004714      0x372 bin/mbed_ethernet/drivers/hardware.o
                                        0x378 (size before relaxing)
 *fill*         0x0000000000004a86        0x2 
 .rodata.serviceHttpHeaderChunked
                0x0000000000004a88       0x4c bin/mbed_ethernet/core/output.o
 .rodata.serviceHttpHeaderPart2
                0x0000000000004ad4       0x20 bin/mbed_ethernet/core/output.o
 .rodata.serviceHttpHeader
                0x0000000000004af4       0x24 bin/mbed_ethernet/core/output.o
 .rodata.blob_http_rqt
                0x0000000000004b18       0x10 bin/mbed_ethernet/core/input.o
                0x0000000000004b18                blob_http_rqt
 .rodata.blob_http_header_content
                0x0000000000004b28       0x34 bin/mbed_ethernet/core/input.o
                0x0000000000004b28                blob_http_header_content
 .rodata.str1.4
                0x0000000000004b5c        0x5 bin/mbed_ethernet/core/input.o
                                          0x8 (size before relaxing)
 *fill*         0x0000000000004b61        0x3 
 .rodata.blob_http_header_end
                0x0000000000004b64        0x4 bin/mbed_ethernet/core/input.o
 .rodata.mimes_tree
                0x0000000000004b68       0xcc bin/mbed_ethernet/core/input.o
                0x0000000000004b68                mimes_tree
 .rodata.ref_synack
                0x0000000000004c34       0x2c bin/mbed_ethernet/core/handlers.o
                0x0000000000004c34                ref_synack
 .rodata.ref_rst
                0x0000000000004c60       0x2c bin/mbed_ethernet/core/handlers.o
                0x0000000000004c60                ref_rst
 .rodata.ref_finack
                0x0000000000004c8c       0x2c bin/mbed_ethernet/core/handlers.o
                0x0000000000004c8c                ref_finack
 .rodata.ref_ack
                0x0000000000004cb8       0x2c bin/mbed_ethernet/core/handlers.o
                0x0000000000004cb8                ref_ack
 .rodata.apps_tetris_index_html_handler
                0x0000000000004ce4       0x2c bin/mbed_ethernet/gen/apps/tetris/g_c5_index_html.o
                0x0000000000004ce4                apps_tetris_index_html_handler
 .rodata.chk_apps_tetris_index_html
                0x0000000000004d10       0x20 bin/mbed_ethernet/gen/apps/tetris/g_c5_index_html.o
                0x0000000000004d10                chk_apps_tetris_index_html
 .rodata.data_apps_tetris_index_html
                0x0000000000004d30      0x1f8 bin/mbed_ethernet/gen/apps/tetris/g_c5_index_html.o
                0x0000000000004d30                data_apps_tetris_index_html
 .rodata.chk_apps_tetris_js_tetris_js
                0x0000000000004f28       0x80 bin/mbed_ethernet/gen/apps/tetris/js/g_c5_tetris_js.o
                0x0000000000004f28                chk_apps_tetris_js_tetris_js
 .rodata.apps_tetris_js_tetris_js_handler
                0x0000000000004fa8       0x2c bin/mbed_ethernet/gen/apps/tetris/js/g_c5_tetris_js.o
                0x0000000000004fa8                apps_tetris_js_tetris_js_handler
 .rodata.data_apps_tetris_js_tetris_js
                0x0000000000004fd4      0x7f4 bin/mbed_ethernet/gen/apps/tetris/js/g_c5_tetris_js.o
                0x0000000000004fd4                data_apps_tetris_js_tetris_js
 .rodata.data_apps_tetris_README_md
                0x00000000000057c8      0x3b4 bin/mbed_ethernet/gen/apps/tetris/g_c5_README_md.o
                0x00000000000057c8                data_apps_tetris_README_md
 .rodata.apps_tetris_README_md_handler
                0x0000000000005b7c       0x2c bin/mbed_ethernet/gen/apps/tetris/g_c5_README_md.o
                0x0000000000005b7c                apps_tetris_README_md_handler
 .rodata.chk_apps_tetris_README_md
                0x0000000000005ba8       0x3c bin/mbed_ethernet/gen/apps/tetris/g_c5_README_md.o
                0x0000000000005ba8                chk_apps_tetris_README_md
 .rodata.args_index
                0x0000000000005be4        0x4 bin/mbed_ethernet/gen/apps/tetris/joystick.o
 .rodata.args_tree
                0x0000000000005be8        0xc bin/mbed_ethernet/gen/apps/tetris/joystick.o
 .rodata.apps_tetris_joystick
                0x0000000000005bf4       0x2c bin/mbed_ethernet/gen/apps/tetris/joystick.o
                0x0000000000005bf4                apps_tetris_joystick
 .rodata.apps_tetris_js_funct_js_handler
                0x0000000000005c20       0x2c bin/mbed_ethernet/gen/apps/tetris/js/g_c5_funct_js.o
                0x0000000000005c20                apps_tetris_js_funct_js_handler
 .rodata.data_apps_tetris_js_funct_js
                0x0000000000005c4c      0x30c bin/mbed_ethernet/gen/apps/tetris/js/g_c5_funct_js.o
                0x0000000000005c4c                data_apps_tetris_js_funct_js
 .rodata.chk_apps_tetris_js_funct_js
                0x0000000000005f58       0x34 bin/mbed_ethernet/gen/apps/tetris/js/g_c5_funct_js.o
                0x0000000000005f58                chk_apps_tetris_js_funct_js
 .rodata.data_apps_httpCodes_505_html
                0x0000000000005f8c      0x138 bin/mbed_ethernet/gen/apps/httpCodes/g_c5_505_html.o
                0x0000000000005f8c                data_apps_httpCodes_505_html
 .rodata.chk_apps_httpCodes_505_html
                0x00000000000060c4       0x14 bin/mbed_ethernet/gen/apps/httpCodes/g_c5_505_html.o
                0x00000000000060c4                chk_apps_httpCodes_505_html
 .rodata.apps_httpCodes_505_html_handler
                0x00000000000060d8       0x2c bin/mbed_ethernet/gen/apps/httpCodes/g_c5_505_html.o
                0x00000000000060d8                apps_httpCodes_505_html_handler
 .rodata.chk_apps_httpCodes_404_html
                0x0000000000006104       0x14 bin/mbed_ethernet/gen/apps/httpCodes/g_c5_404_html.o
                0x0000000000006104                chk_apps_httpCodes_404_html
 .rodata.data_apps_httpCodes_404_html
                0x0000000000006118      0x120 bin/mbed_ethernet/gen/apps/httpCodes/g_c5_404_html.o
                0x0000000000006118                data_apps_httpCodes_404_html
 .rodata.apps_httpCodes_404_html_handler
                0x0000000000006238       0x2c bin/mbed_ethernet/gen/apps/httpCodes/g_c5_404_html.o
                0x0000000000006238                apps_httpCodes_404_html_handler
 .rodata.apps_tetris_style_css_handler
                0x0000000000006264       0x2c bin/mbed_ethernet/gen/apps/tetris/g_c5_style_css.o
                0x0000000000006264                apps_tetris_style_css_handler
 .rodata.data_apps_tetris_style_css
                0x0000000000006290       0xd4 bin/mbed_ethernet/gen/apps/tetris/g_c5_style_css.o
                0x0000000000006290                data_apps_tetris_style_css
 .rodata.chk_apps_tetris_style_css
                0x0000000000006364       0x10 bin/mbed_ethernet/gen/apps/tetris/g_c5_style_css.o
                0x0000000000006364                chk_apps_tetris_style_css
 .rodata.apps_tetris_js_controller_js_handler
                0x0000000000006374       0x2c bin/mbed_ethernet/gen/apps/tetris/js/g_c5_controller_js.o
                0x0000000000006374                apps_tetris_js_controller_js_handler
 .rodata.chk_apps_tetris_js_controller_js
                0x00000000000063a0       0x14 bin/mbed_ethernet/gen/apps/tetris/js/g_c5_controller_js.o
                0x00000000000063a0                chk_apps_tetris_js_controller_js
 .rodata.data_apps_tetris_js_controller_js
                0x00000000000063b4      0x13c bin/mbed_ethernet/gen/apps/tetris/js/g_c5_controller_js.o
                0x00000000000063b4                data_apps_tetris_js_controller_js
 .rodata.chk_apps_tetris_sound_pop_ogg
                0x00000000000064f0      0x1b0 bin/mbed_ethernet/gen/apps/tetris/sound/g_c5_pop_ogg.o
                0x00000000000064f0                chk_apps_tetris_sound_pop_ogg
 .rodata.apps_tetris_sound_pop_ogg_handler
                0x00000000000066a0       0x2c bin/mbed_ethernet/gen/apps/tetris/sound/g_c5_pop_ogg.o
                0x00000000000066a0                apps_tetris_sound_pop_ogg_handler
 .rodata.data_apps_tetris_sound_pop_ogg
                0x00000000000066cc     0x1ac4 bin/mbed_ethernet/gen/apps/tetris/sound/g_c5_pop_ogg.o
                0x00000000000066cc                data_apps_tetris_sound_pop_ogg
 .rodata.apps_tetris_js_render_js_handler
                0x0000000000008190       0x2c bin/mbed_ethernet/gen/apps/tetris/js/g_c5_render_js.o
                0x0000000000008190                apps_tetris_js_render_js_handler
 .rodata.chk_apps_tetris_js_render_js
                0x00000000000081bc       0x28 bin/mbed_ethernet/gen/apps/tetris/js/g_c5_render_js.o
                0x00000000000081bc                chk_apps_tetris_js_render_js
 .rodata.data_apps_tetris_js_render_js
                0x00000000000081e4      0x244 bin/mbed_ethernet/gen/apps/tetris/js/g_c5_render_js.o
                0x00000000000081e4                data_apps_tetris_js_render_js
 .rodata.apps_tetris_funct_js_handler
                0x0000000000008428       0x2c bin/mbed_ethernet/gen/apps/tetris/g_c5_funct_js.o
                0x0000000000008428                apps_tetris_funct_js_handler
 .rodata.chk_apps_tetris_funct_js
                0x0000000000008454       0x34 bin/mbed_ethernet/gen/apps/tetris/g_c5_funct_js.o
                0x0000000000008454                chk_apps_tetris_funct_js
 .rodata.data_apps_tetris_funct_js
                0x0000000000008488      0x340 bin/mbed_ethernet/gen/apps/tetris/g_c5_funct_js.o
                0x0000000000008488                data_apps_tetris_funct_js
 .rodata.resources_index
                0x00000000000087c8       0x38 bin/mbed_ethernet/gen/resources_index.o
                0x00000000000087c8                resources_index
 .rodata.urls_tree
                0x0000000000008800       0xb0 bin/mbed_ethernet/gen/resources_index.o
                0x0000000000008800                urls_tree
 .rodata.str1.4
                0x00000000000088b0      0x4dc /tmp/moyart/PJE/smews/targets/mbed_ethernet/rflpc/rflpc17xx/librflpc17xx.a(interrupt.o)
 .rodata.clock_dividers
                0x0000000000008d8c        0xc /tmp/moyart/PJE/smews/targets/mbed_ethernet/rflpc/rflpc17xx/librflpc17xx.a(ethernet.o)
 .rodata._gpio_ports
                0x0000000000008d98       0x14 /tmp/moyart/PJE/smews/targets/mbed_ethernet/rflpc/rflpc17xx/librflpc17xx.a(gpio.o)
                0x0000000000008dac                _text_end = .

.glue_7         0x0000000000008dac        0x0
 .glue_7        0x0000000000008dac        0x0 linker stubs

.glue_7t        0x0000000000008dac        0x0
 .glue_7t       0x0000000000008dac        0x0 linker stubs

.vfp11_veneer   0x0000000000008dac        0x0
 .vfp11_veneer  0x0000000000008dac        0x0 linker stubs

.v4_bx          0x0000000000008dac        0x0
 .v4_bx         0x0000000000008dac        0x0 linker stubs

.iplt           0x0000000000008dac        0x0
 .iplt          0x0000000000008dac        0x0 bin/mbed_ethernet/drivers/eth_input.o

.rel.dyn        0x0000000000008dac        0x0
 .rel.iplt      0x0000000000008dac        0x0 bin/mbed_ethernet/drivers/eth_input.o

.relocated_interrupt_vector
                0x0000000010000000       0xc4
 *(.ram_int_vector)
 .ram_int_vector
                0x0000000010000000       0xc4 /tmp/moyart/PJE/smews/targets/mbed_ethernet/rflpc/rflpc17xx/librflpc17xx.a(interrupt.o)

.bss            0x00000000100000c4     0x1b0e
                0x00000000100000c4                _bss_start = .
                0x00000000100000c4                _ram_start = .
 *(.bss*)
 .bss.current_rx_frame
                0x00000000100000c4        0x4 bin/mbed_ethernet/drivers/eth_input.o
                0x00000000100000c4                current_rx_frame
 .bss.current_rx_frame_idx
                0x00000000100000c8        0x4 bin/mbed_ethernet/drivers/eth_input.o
                0x00000000100000c8                current_rx_frame_idx
 .bss.current_rx_frame_size
                0x00000000100000cc        0x4 bin/mbed_ethernet/drivers/eth_input.o
                0x00000000100000cc                current_rx_frame_size
 .bss.byte_count
                0x00000000100000d0        0x4 bin/mbed_ethernet/drivers/eth_input.o
 .bss.gpip_output_buffer
                0x00000000100000d4      0x5dc bin/mbed_ethernet/core/output.o
 .bss.current_cr
                0x00000000100006b0        0x4 bin/mbed_ethernet/core/coroutines.o
 .bss.shared_stack
                0x00000000100006b4      0x400 bin/mbed_ethernet/core/coroutines.o
 .bss.cr_in_stack
                0x0000000010000ab4        0x4 bin/mbed_ethernet/core/coroutines.o
 .bss.all_timers
                0x0000000010000ab8        0x4 bin/mbed_ethernet/core/timers.o
 .bss.alloc_buffer
                0x0000000010000abc     0x1004 bin/mbed_ethernet/core/memory.o
 .bss.first_free
                0x0000000010001ac0        0x4 bin/mbed_ethernet/core/memory.o
 .bss.checksum_carry
                0x0000000010001ac4        0x1 bin/mbed_ethernet/core/checksum.o
 .bss.checksum_flip
                0x0000000010001ac5        0x1 bin/mbed_ethernet/core/checksum.o
 *fill*         0x0000000010001ac6        0x2 
 .bss._link_layer_table
                0x0000000010001ac8       0xa0 bin/mbed_ethernet/core/link_layer_cache.o
 .bss.glob_load
                0x0000000010001b68        0x2 bin/mbed_ethernet/gen/apps/tetris/joystick.o
 .bss.joystick  0x0000000010001b6a        0x2 bin/mbed_ethernet/gen/apps/tetris/joystick.o
 .bss.oldjoystick
                0x0000000010001b6c        0x2 bin/mbed_ethernet/gen/apps/tetris/joystick.o
 *fill*         0x0000000010001b6e        0x2 
 .bss.i.4829    0x0000000010001b70        0x4 /tmp/moyart/PJE/smews/targets/mbed_ethernet/rflpc/rflpc17xx/librflpc17xx.a(init.o)
 .bss._seed     0x0000000010001b74        0x4 /tmp/moyart/PJE/smews/targets/mbed_ethernet/rflpc/rflpc17xx/librflpc17xx.a(rand.o)
 COMMON         0x0000000010001b78       0x18 bin/mbed_ethernet/drivers/eth_output.o
                0x0000000010001b78                ethernet_header
                0x0000000010001b88                current_buffer
 COMMON         0x0000000010001b90        0x6 bin/mbed_ethernet/drivers/hardware.o
                0x0000000010001b90                local_eth_addr
 *fill*         0x0000000010001b96        0x2 
 COMMON         0x0000000010001b98       0x14 bin/mbed_ethernet/core/output.o
                0x0000000010001b98                curr_output
 COMMON         0x0000000010001bac        0x4 bin/mbed_ethernet/core/coroutines.o
                0x0000000010001bac                main_sp
 COMMON         0x0000000010001bb0        0x8 bin/mbed_ethernet/core/input.o
                0x0000000010001bb0                curr_input
 COMMON         0x0000000010001bb8       0x14 bin/mbed_ethernet/core/connections.o
                0x0000000010001bb8                rst_connection
                0x0000000010001bc8                all_connections
 COMMON         0x0000000010001bcc        0x1 bin/mbed_ethernet/core/timers.o
                0x0000000010001bcc                last_transmission_time
 *fill*         0x0000000010001bcd        0x3 
 COMMON         0x0000000010001bd0        0x2 bin/mbed_ethernet/core/checksum.o
                0x0000000010001bd0                current_checksum
                0x0000000010001bd2                _bss_end = .

.data           0x0000000010001bd4       0x34 load address 0x0000000000008dac
                0x0000000010001bd4                _data_start = .
 *(.data*)
 .data.first.5834
                0x0000000010001bd4        0x4 bin/mbed_ethernet/drivers/eth_output.o
 .data.coroutine_state
                0x0000000010001bd8        0x4 bin/mbed_ethernet/core/connections.o
                0x0000000010001bd8                coroutine_state
 .data.local_ip_addr
                0x0000000010001bdc        0x4 bin/mbed_ethernet/core/connections.o
                0x0000000010001bdc                local_ip_addr
 .data._rflpc_system_clock
                0x0000000010001be0        0x4 /tmp/moyart/PJE/smews/targets/mbed_ethernet/rflpc/rflpc17xx/librflpc17xx.a(clock.o)
 .data._rflpc_uart_config
                0x0000000010001be4       0x20 /tmp/moyart/PJE/smews/targets/mbed_ethernet/rflpc/rflpc17xx/librflpc17xx.a(uart.o)
 .data._rflpc_putchar
                0x0000000010001c04        0x4 /tmp/moyart/PJE/smews/targets/mbed_ethernet/rflpc/rflpc17xx/librflpc17xx.a(printf.o)
                0x0000000010001c08                _data_end = .

.igot.plt       0x0000000010001c08        0x0 load address 0x0000000000008de0
 .igot.plt      0x0000000010001c08        0x0 bin/mbed_ethernet/drivers/eth_input.o

.stack          0x0000000010001c08      0x400 load address 0x0000000000008de0
 *(.stack)
 .stack         0x0000000010001c08      0x400 /tmp/moyart/PJE/smews/targets/mbed_ethernet/rflpc/rflpc17xx/librflpc17xx.a(init.o)
                0x0000000010001c08                _stack

.out_ram        0x000000002007c000     0x7a20
 *(.out_ram)
 .out_ram       0x000000002007c000     0x3c50 bin/mbed_ethernet/drivers/out_buffers.o
                0x000000002007c000                _tx_buffers
 .out_ram       0x000000002007fc50     0x3da4 bin/mbed_ethernet/drivers/hardware.o
                0x000000002007fc50                _tx_status
                0x000000002007fca0                _tx_descriptors
                0x000000002007fd40                _rx_buffers
                0x0000000020083954                _rx_descriptors
                0x00000000200839a4                _rx_status
 .out_ram       0x00000000200839f4       0x2c bin/mbed_ethernet/drivers/arp.o
                0x00000000200839f4                _arp_reply_buffer
LOAD bin/mbed_ethernet/drivers/ethernet.o
LOAD bin/mbed_ethernet/drivers/lcd.o
LOAD bin/mbed_ethernet/drivers/mbed_debug.o
LOAD bin/mbed_ethernet/drivers/eth_input.o
LOAD bin/mbed_ethernet/drivers/debug_console.o
LOAD bin/mbed_ethernet/drivers/eth_output.o
LOAD bin/mbed_ethernet/drivers/out_buffers.o
LOAD bin/mbed_ethernet/drivers/hardware.o
LOAD bin/mbed_ethernet/drivers/ip.o
LOAD bin/mbed_ethernet/drivers/arp.o
LOAD bin/mbed_ethernet/core/output.o
LOAD bin/mbed_ethernet/core/main.o
LOAD bin/mbed_ethernet/core/coroutines.o
LOAD bin/mbed_ethernet/core/input.o
LOAD bin/mbed_ethernet/core/generators.o
LOAD bin/mbed_ethernet/core/handlers.o
LOAD bin/mbed_ethernet/core/connections.o
LOAD bin/mbed_ethernet/core/service.o
LOAD bin/mbed_ethernet/core/timers.o
LOAD bin/mbed_ethernet/core/memory.o
LOAD bin/mbed_ethernet/core/checksum.o
LOAD bin/mbed_ethernet/core/link_layer_cache.o
LOAD bin/mbed_ethernet/core/smews.o
LOAD bin/mbed_ethernet/gen/apps/tetris/g_c5_index_html.o
LOAD bin/mbed_ethernet/gen/apps/tetris/js/g_c5_tetris_js.o
LOAD bin/mbed_ethernet/gen/apps/tetris/g_c5_README_md.o
LOAD bin/mbed_ethernet/gen/apps/tetris/joystick.o
LOAD bin/mbed_ethernet/gen/apps/tetris/js/g_c5_funct_js.o
LOAD bin/mbed_ethernet/gen/apps/httpCodes/g_c5_505_html.o
LOAD bin/mbed_ethernet/gen/apps/httpCodes/g_c5_404_html.o
LOAD bin/mbed_ethernet/gen/apps/tetris/g_c5_style_css.o
LOAD bin/mbed_ethernet/gen/apps/tetris/js/g_c5_controller_js.o
LOAD bin/mbed_ethernet/gen/apps/tetris/sound/g_c5_pop_ogg.o
LOAD bin/mbed_ethernet/gen/apps/tetris/js/g_c5_render_js.o
LOAD bin/mbed_ethernet/gen/apps/tetris/g_c5_funct_js.o
LOAD bin/mbed_ethernet/gen/resources_index.o
LOAD /tmp/moyart/PJE/smews/targets/mbed_ethernet/rflpc/rflpc17xx/librflpc17xx.a
OUTPUT(bin/mbed_ethernet/smews.elf elf32-littlearm)

.comment        0x0000000000000000       0x2d
 .comment       0x0000000000000000       0x2d bin/mbed_ethernet/drivers/ethernet.o
                                         0x2e (size before relaxing)
 .comment       0x000000000000002d       0x2e bin/mbed_ethernet/drivers/eth_input.o
 .comment       0x000000000000002d       0x2e bin/mbed_ethernet/drivers/eth_output.o
 .comment       0x000000000000002d       0x2e bin/mbed_ethernet/drivers/out_buffers.o
 .comment       0x000000000000002d       0x2e bin/mbed_ethernet/drivers/hardware.o
 .comment       0x000000000000002d       0x2e bin/mbed_ethernet/drivers/ip.o
 .comment       0x000000000000002d       0x2e bin/mbed_ethernet/drivers/arp.o
 .comment       0x000000000000002d       0x2e bin/mbed_ethernet/core/output.o
 .comment       0x000000000000002d       0x2e bin/mbed_ethernet/core/main.o
 .comment       0x000000000000002d       0x2e bin/mbed_ethernet/core/coroutines.o
 .comment       0x000000000000002d       0x2e bin/mbed_ethernet/core/input.o
 .comment       0x000000000000002d       0x2e bin/mbed_ethernet/core/generators.o
 .comment       0x000000000000002d       0x2e bin/mbed_ethernet/core/handlers.o
 .comment       0x000000000000002d       0x2e bin/mbed_ethernet/core/connections.o
 .comment       0x000000000000002d       0x2e bin/mbed_ethernet/core/service.o
 .comment       0x000000000000002d       0x2e bin/mbed_ethernet/core/timers.o
 .comment       0x000000000000002d       0x2e bin/mbed_ethernet/core/memory.o
 .comment       0x000000000000002d       0x2e bin/mbed_ethernet/core/checksum.o
 .comment       0x000000000000002d       0x2e bin/mbed_ethernet/core/link_layer_cache.o
 .comment       0x000000000000002d       0x2e bin/mbed_ethernet/core/smews.o
 .comment       0x000000000000002d       0x2e bin/mbed_ethernet/gen/apps/tetris/g_c5_index_html.o
 .comment       0x000000000000002d       0x2e bin/mbed_ethernet/gen/apps/tetris/js/g_c5_tetris_js.o
 .comment       0x000000000000002d       0x2e bin/mbed_ethernet/gen/apps/tetris/g_c5_README_md.o
 .comment       0x000000000000002d       0x2e bin/mbed_ethernet/gen/apps/tetris/joystick.o
 .comment       0x000000000000002d       0x2e bin/mbed_ethernet/gen/apps/tetris/js/g_c5_funct_js.o
 .comment       0x000000000000002d       0x2e bin/mbed_ethernet/gen/apps/httpCodes/g_c5_505_html.o
 .comment       0x000000000000002d       0x2e bin/mbed_ethernet/gen/apps/httpCodes/g_c5_404_html.o
 .comment       0x000000000000002d       0x2e bin/mbed_ethernet/gen/apps/tetris/g_c5_style_css.o
 .comment       0x000000000000002d       0x2e bin/mbed_ethernet/gen/apps/tetris/js/g_c5_controller_js.o
 .comment       0x000000000000002d       0x2e bin/mbed_ethernet/gen/apps/tetris/sound/g_c5_pop_ogg.o
 .comment       0x000000000000002d       0x2e bin/mbed_ethernet/gen/apps/tetris/js/g_c5_render_js.o
 .comment       0x000000000000002d       0x2e bin/mbed_ethernet/gen/apps/tetris/g_c5_funct_js.o
 .comment       0x000000000000002d       0x2e bin/mbed_ethernet/gen/resources_index.o
 .comment       0x000000000000002d       0x2e /tmp/moyart/PJE/smews/targets/mbed_ethernet/rflpc/rflpc17xx/librflpc17xx.a(init.o)
 .comment       0x000000000000002d       0x2e /tmp/moyart/PJE/smews/targets/mbed_ethernet/rflpc/rflpc17xx/librflpc17xx.a(clock.o)
 .comment       0x000000000000002d       0x2e /tmp/moyart/PJE/smews/targets/mbed_ethernet/rflpc/rflpc17xx/librflpc17xx.a(interrupt.o)
 .comment       0x000000000000002d       0x2e /tmp/moyart/PJE/smews/targets/mbed_ethernet/rflpc/rflpc17xx/librflpc17xx.a(pinconf.o)
 .comment       0x000000000000002d       0x2e /tmp/moyart/PJE/smews/targets/mbed_ethernet/rflpc/rflpc17xx/librflpc17xx.a(iap.o)
 .comment       0x000000000000002d       0x2e /tmp/moyart/PJE/smews/targets/mbed_ethernet/rflpc/rflpc17xx/librflpc17xx.a(uart.o)
 .comment       0x000000000000002d       0x2e /tmp/moyart/PJE/smews/targets/mbed_ethernet/rflpc/rflpc17xx/librflpc17xx.a(ethernet.o)
 .comment       0x000000000000002d       0x2e /tmp/moyart/PJE/smews/targets/mbed_ethernet/rflpc/rflpc17xx/librflpc17xx.a(gpio.o)
 .comment       0x000000000000002d       0x2e /tmp/moyart/PJE/smews/targets/mbed_ethernet/rflpc/rflpc17xx/librflpc17xx.a(dma.o)
 .comment       0x000000000000002d       0x2e /tmp/moyart/PJE/smews/targets/mbed_ethernet/rflpc/rflpc17xx/librflpc17xx.a(timer.o)
 .comment       0x000000000000002d       0x2e /tmp/moyart/PJE/smews/targets/mbed_ethernet/rflpc/rflpc17xx/librflpc17xx.a(core_cm3.o)
 .comment       0x000000000000002d       0x2e /tmp/moyart/PJE/smews/targets/mbed_ethernet/rflpc/rflpc17xx/librflpc17xx.a(printf.o)
 .comment       0x000000000000002d       0x2e /tmp/moyart/PJE/smews/targets/mbed_ethernet/rflpc/rflpc17xx/librflpc17xx.a(memcpy.o)
 .comment       0x000000000000002d       0x2e /tmp/moyart/PJE/smews/targets/mbed_ethernet/rflpc/rflpc17xx/librflpc17xx.a(rand.o)
 .comment       0x000000000000002d       0x2e /tmp/moyart/PJE/smews/targets/mbed_ethernet/rflpc/rflpc17xx/librflpc17xx.a(memset.o)

.ARM.attributes
                0x0000000000000000       0x33
 .ARM.attributes
                0x0000000000000000       0x33 bin/mbed_ethernet/drivers/ethernet.o
 .ARM.attributes
                0x0000000000000033       0x33 bin/mbed_ethernet/drivers/eth_input.o
 .ARM.attributes
                0x0000000000000066       0x33 bin/mbed_ethernet/drivers/eth_output.o
 .ARM.attributes
                0x0000000000000099       0x33 bin/mbed_ethernet/drivers/out_buffers.o
 .ARM.attributes
                0x00000000000000cc       0x33 bin/mbed_ethernet/drivers/hardware.o
 .ARM.attributes
                0x00000000000000ff       0x33 bin/mbed_ethernet/drivers/ip.o
 .ARM.attributes
                0x0000000000000132       0x33 bin/mbed_ethernet/drivers/arp.o
 .ARM.attributes
                0x0000000000000165       0x33 bin/mbed_ethernet/core/output.o
 .ARM.attributes
                0x0000000000000198       0x33 bin/mbed_ethernet/core/main.o
 .ARM.attributes
                0x00000000000001cb       0x33 bin/mbed_ethernet/core/coroutines.o
 .ARM.attributes
                0x00000000000001fe       0x33 bin/mbed_ethernet/core/input.o
 .ARM.attributes
                0x0000000000000231       0x33 bin/mbed_ethernet/core/generators.o
 .ARM.attributes
                0x0000000000000264       0x33 bin/mbed_ethernet/core/handlers.o
 .ARM.attributes
                0x0000000000000297       0x33 bin/mbed_ethernet/core/connections.o
 .ARM.attributes
                0x00000000000002ca       0x33 bin/mbed_ethernet/core/service.o
 .ARM.attributes
                0x00000000000002fd       0x33 bin/mbed_ethernet/core/timers.o
 .ARM.attributes
                0x0000000000000330       0x33 bin/mbed_ethernet/core/memory.o
 .ARM.attributes
                0x0000000000000363       0x33 bin/mbed_ethernet/core/checksum.o
 .ARM.attributes
                0x0000000000000396       0x33 bin/mbed_ethernet/core/link_layer_cache.o
 .ARM.attributes
                0x00000000000003c9       0x33 bin/mbed_ethernet/core/smews.o
 .ARM.attributes
                0x00000000000003fc       0x33 bin/mbed_ethernet/gen/apps/tetris/g_c5_index_html.o
 .ARM.attributes
                0x000000000000042f       0x33 bin/mbed_ethernet/gen/apps/tetris/js/g_c5_tetris_js.o
 .ARM.attributes
                0x0000000000000462       0x33 bin/mbed_ethernet/gen/apps/tetris/g_c5_README_md.o
 .ARM.attributes
                0x0000000000000495       0x33 bin/mbed_ethernet/gen/apps/tetris/joystick.o
 .ARM.attributes
                0x00000000000004c8       0x33 bin/mbed_ethernet/gen/apps/tetris/js/g_c5_funct_js.o
 .ARM.attributes
                0x00000000000004fb       0x33 bin/mbed_ethernet/gen/apps/httpCodes/g_c5_505_html.o
 .ARM.attributes
                0x000000000000052e       0x33 bin/mbed_ethernet/gen/apps/httpCodes/g_c5_404_html.o
 .ARM.attributes
                0x0000000000000561       0x33 bin/mbed_ethernet/gen/apps/tetris/g_c5_style_css.o
 .ARM.attributes
                0x0000000000000594       0x33 bin/mbed_ethernet/gen/apps/tetris/js/g_c5_controller_js.o
 .ARM.attributes
                0x00000000000005c7       0x33 bin/mbed_ethernet/gen/apps/tetris/sound/g_c5_pop_ogg.o
 .ARM.attributes
                0x00000000000005fa       0x33 bin/mbed_ethernet/gen/apps/tetris/js/g_c5_render_js.o
 .ARM.attributes
                0x000000000000062d       0x33 bin/mbed_ethernet/gen/apps/tetris/g_c5_funct_js.o
 .ARM.attributes
                0x0000000000000660       0x33 bin/mbed_ethernet/gen/resources_index.o
 .ARM.attributes
                0x0000000000000693       0x33 /tmp/moyart/PJE/smews/targets/mbed_ethernet/rflpc/rflpc17xx/librflpc17xx.a(init.o)
 .ARM.attributes
                0x00000000000006c6       0x33 /tmp/moyart/PJE/smews/targets/mbed_ethernet/rflpc/rflpc17xx/librflpc17xx.a(clock.o)
 .ARM.attributes
                0x00000000000006f9       0x33 /tmp/moyart/PJE/smews/targets/mbed_ethernet/rflpc/rflpc17xx/librflpc17xx.a(interrupt.o)
 .ARM.attributes
                0x000000000000072c       0x33 /tmp/moyart/PJE/smews/targets/mbed_ethernet/rflpc/rflpc17xx/librflpc17xx.a(pinconf.o)
 .ARM.attributes
                0x000000000000075f       0x33 /tmp/moyart/PJE/smews/targets/mbed_ethernet/rflpc/rflpc17xx/librflpc17xx.a(iap.o)
 .ARM.attributes
                0x0000000000000792       0x33 /tmp/moyart/PJE/smews/targets/mbed_ethernet/rflpc/rflpc17xx/librflpc17xx.a(uart.o)
 .ARM.attributes
                0x00000000000007c5       0x33 /tmp/moyart/PJE/smews/targets/mbed_ethernet/rflpc/rflpc17xx/librflpc17xx.a(ethernet.o)
 .ARM.attributes
                0x00000000000007f8       0x33 /tmp/moyart/PJE/smews/targets/mbed_ethernet/rflpc/rflpc17xx/librflpc17xx.a(gpio.o)
 .ARM.attributes
                0x000000000000082b       0x33 /tmp/moyart/PJE/smews/targets/mbed_ethernet/rflpc/rflpc17xx/librflpc17xx.a(dma.o)
 .ARM.attributes
                0x000000000000085e       0x33 /tmp/moyart/PJE/smews/targets/mbed_ethernet/rflpc/rflpc17xx/librflpc17xx.a(timer.o)
 .ARM.attributes
                0x0000000000000891       0x33 /tmp/moyart/PJE/smews/targets/mbed_ethernet/rflpc/rflpc17xx/librflpc17xx.a(core_cm3.o)
 .ARM.attributes
                0x00000000000008c4       0x33 /tmp/moyart/PJE/smews/targets/mbed_ethernet/rflpc/rflpc17xx/librflpc17xx.a(printf.o)
 .ARM.attributes
                0x00000000000008f7       0x33 /tmp/moyart/PJE/smews/targets/mbed_ethernet/rflpc/rflpc17xx/librflpc17xx.a(memcpy.o)
 .ARM.attributes
                0x000000000000092a       0x33 /tmp/moyart/PJE/smews/targets/mbed_ethernet/rflpc/rflpc17xx/librflpc17xx.a(rand.o)
 .ARM.attributes
                0x000000000000095d       0x33 /tmp/moyart/PJE/smews/targets/mbed_ethernet/rflpc/rflpc17xx/librflpc17xx.a(memset.o)
